This is pdfTeX, Version 3.141592653-2.6-1.40.28 (MiKTeX 25.12) (preloaded format=pdflatex 2026.8.6)  27 AUG 2026 04:21
entering extended mode
 restricted \write18 enabled.
 %&-line parsing enabled.
**./main.tex
(main.tex
LaTeX2e <2025-11-01>
L3 programming layer <2025-12-24>
(sn-jnl.cls
Document Class: sn-jnl 2019/11/18 v0.1: An authoring template for Springer Jour
nal articles
(C:\Users\sdagn\AppData\Local\Programs\MiKTeX\tex/latex/base\article.cls
Document Class: article 2025/01/22 v1.4n Standard LaTeX document class
(C:\Users\sdagn\AppData\Local\Programs\MiKTeX\tex/latex/base\fleqn.clo
File: fleqn.clo 2016/12/29 v1.2b Standard LaTeX option (flush left equations)
\mathindent=\skip49
Applying: [2015/01/01] Make \[ robust on input line 50.
LaTeX Info: Redefining \[ on input line 51.
Already applied: [0000/00/00] Make \[ robust on input line 62.
Applying: [2015/01/01] Make \] robust on input line 74.
LaTeX Info: Redefining \] on input line 75.
Already applied: [0000/00/00] Make \] robust on input line 83.
)
(C:\Users\sdagn\AppData\Local\Programs\MiKTeX\tex/latex/base\size10.clo
File: size10.clo 2025/01/22 v1.4n Standard LaTeX file (size option)
)
\c@part=\count275
\c@section=\count276
\c@subsection=\count277
\c@subsubsection=\count278
\c@paragraph=\count279
\c@subparagraph=\count280
\c@figure=\count281
\c@table=\count282
\abovecaptionskip=\skip50
\belowcaptionskip=\skip51
\bibindent=\dimen148
)
LaTeX Info: Redefining \rm on input line 146.
LaTeX Info: Redefining \sf on input line 147.
LaTeX Info: Redefining \tt on input line 148.
LaTeX Info: Redefining \bf on input line 149.
LaTeX Info: Redefining \it on input line 150.
LaTeX Info: Redefining \sl on input line 151.
LaTeX Info: Redefining \sc on input line 152.
LaTeX Info: Redefining \cal on input line 153.
LaTeX Info: Redefining \mit on input line 154.
LaTeX Info: Redefining \textsubscript on input line 212.
\columnhsize=\skip52

(C:\Users\sdagn\AppData\Local\Programs\MiKTeX\tex/latex/geometry\geometry.sty
Package: geometry 2026/03/07 v6.0 Page Geometry

(C:\Users\sdagn\AppData\Local\Programs\MiKTeX\tex/latex/graphics\keyval.sty
Package: keyval 2022/05/29 v1.15 key=value parser (DPC)
\KV@toks@=\toks17
)
(C:\Users\sdagn\AppData\Local\Programs\MiKTeX\tex/generic/iftex\ifvtex.sty
Package: ifvtex 2019/10/25 v1.7 ifvtex legacy package. Use iftex instead.

(C:\Users\sdagn\AppData\Local\Programs\MiKTeX\tex/generic/iftex\iftex.sty
Package: iftex 2024/12/12 v1.0g TeX engine tests
))
\Gm@cnth=\count283
\Gm@cntv=\count284
\c@Gm@tempcnt=\count285
\Gm@bindingoffset=\dimen149
\Gm@wd@mp=\dimen150
\Gm@odd@mp=\dimen151
\Gm@even@mp=\dimen152
\Gm@layoutwidth=\dimen153
\Gm@layoutheight=\dimen154
\Gm@layouthoffset=\dimen155
\Gm@layoutvoffset=\dimen156
\Gm@dimlist=\toks18

(C:\Users\sdagn\AppData\Local\Programs\MiKTeX\tex/latex/geometry\geometry.cfg))
\artcatbox=\box53
\aucount=\count286
\corraucount=\count287
\punctcount=\count288
\emailcnt=\count289
\c@affn=\count290
\addcount=\count291
\PacsCount=\count292
\PacsTmpCnt=\count293
\FMremarkdim=\dimen157
\fmremarkbox=\box54
(C:\Users\sdagn\AppData\Local\Programs\MiKTeX\tex/latex/sttools\cuted.sty
Package: cuted 2025/12/15 v2.10 Mixing onecolumn and twocolumn modes (ST)
\At@ViperColsBreak=\toks19
\preCutedStrip=\toks20
\postCutedStrip=\toks21
\cuted@@tempbox@a=\box55
\cuted@@tempbox@c=\box56
\cuted@@tempbox@var=\box57
\hold@viper=\box58
\@viper=\box59
\cuted@@varbox@a=\box60
\cuted@@varbox@c=\box61
\cuted@@tempdim@spread=\dimen158
\cuted@@tempdim@a=\dimen159
\cuted@@tempdim@b=\dimen160
\ht@hold@viper=\dimen161
\ht@viper=\dimen162
\var@@pagediscards@ht=\dimen163
\stripsep=\skip53
\viper@penalty=\count294
\strip@page@discards=\dimen164
)
\firstpagehtcheck=\dimen165
\labelwidthi=\dimen166
\labelwidthii=\dimen167
\labelwidthiii=\dimen168
\labelwidthiv=\dimen169
\figwidth=\dimen170
\figheight=\dimen171
\sidecapwidth=\dimen172
\wrapcapline=\dimen173
\totalwrapline=\dimen174
\wraptotline=\dimen175
\figurebox=\box62
\wrapfigcapbox=\box63
\figcapbox=\box64
\capbox=\box65
\headwidthskip=\skip54
\tabcapbox=\box66
\temptbox=\box67
\tempdime=\dimen176
\tabhtdime=\dimen177

(C:\Users\sdagn\AppData\Local\Programs\MiKTeX\tex/latex/graphics\rotating.sty
Package: rotating 2025/01/14 v2.16e rotated objects in LaTeX

(C:\Users\sdagn\AppData\Local\Programs\MiKTeX\tex/latex/graphics\graphicx.sty
Package: graphicx 2024/12/31 v1.2e Enhanced LaTeX Graphics (DPC,SPQR)

(C:\Users\sdagn\AppData\Local\Programs\MiKTeX\tex/latex/graphics\graphics.sty
Package: graphics 2024/08/06 v1.4g Standard LaTeX Graphics (DPC,SPQR)

(C:\Users\sdagn\AppData\Local\Programs\MiKTeX\tex/latex/graphics\trig.sty
Package: trig 2023/12/02 v1.11 sin cos tan (DPC)
)
(C:\Users\sdagn\AppData\Local\Programs\MiKTeX\tex/latex/graphics-cfg\graphics.c
fg
File: graphics.cfg 2016/06/04 v1.11 sample graphics configuration
)
Package graphics Info: Driver file: pdftex.def on input line 106.

(C:\Users\sdagn\AppData\Local\Programs\MiKTeX\tex/latex/graphics-def\pdftex.def
File: pdftex.def 2025/09/29 v1.2d Graphics/color driver for pdftex
))
\Gin@req@height=\dimen178
\Gin@req@width=\dimen179
) (C:\Users\sdagn\AppData\Local\Programs\MiKTeX\tex/latex/base\ifthen.sty
Package: ifthen 2024/03/16 v1.1e Standard LaTeX ifthen package (DPC)
)
\c@r@tfl@t=\count295
\rotFPtop=\skip55
\rotFPbot=\skip56
\rot@float@box=\box68
\rot@mess@toks=\toks22
)
(C:\Users\sdagn\AppData\Local\Programs\MiKTeX\tex/latex/threeparttable\threepar
ttable.sty
Package: threeparttable 2003/06/13  v 3.0
\@tempboxb=\box69
)
(C:\Users\sdagn\AppData\Local\Programs\MiKTeX\tex/latex/appendix\appendix.sty
Package: appendix 2020/02/08 v1.2c extra appendix facilities
\c@@pps=\count296
\c@@ppsavesec=\count297
\c@@ppsaveapp=\count298
)
(C:\Users\sdagn\AppData\Local\Programs\MiKTeX\tex/latex/hyperref\hyperref.sty
Package: hyperref 2025-07-12 v7.01o Hypertext links for LaTeX

(C:\Users\sdagn\AppData\Local\Programs\MiKTeX\tex/latex/kvsetkeys\kvsetkeys.sty
Package: kvsetkeys 2022-10-05 v1.19 Key value parser (HO)
)
(C:\Users\sdagn\AppData\Local\Programs\MiKTeX\tex/generic/kvdefinekeys\kvdefine
keys.sty
Package: kvdefinekeys 2019-12-19 v1.6 Define keys (HO)
)
(C:\Users\sdagn\AppData\Local\Programs\MiKTeX\tex/generic/pdfescape\pdfescape.s
ty
Package: pdfescape 2019/12/09 v1.15 Implements pdfTeX's escape features (HO)

(C:\Users\sdagn\AppData\Local\Programs\MiKTeX\tex/generic/ltxcmds\ltxcmds.sty
Package: ltxcmds 2023-12-04 v1.26 LaTeX kernel commands for general use (HO)
)
(C:\Users\sdagn\AppData\Local\Programs\MiKTeX\tex/generic/pdftexcmds\pdftexcmds
.sty
Package: pdftexcmds 2020-06-27 v0.33 Utility functions of pdfTeX for LuaTeX (HO
)

(C:\Users\sdagn\AppData\Local\Programs\MiKTeX\tex/generic/infwarerr\infwarerr.s
ty
Package: infwarerr 2019/12/03 v1.5 Providing info/warning/error messages (HO)
)
Package pdftexcmds Info: \pdf@primitive is available.
Package pdftexcmds Info: \pdf@ifprimitive is available.
Package pdftexcmds Info: \pdfdraftmode found.
))
(C:\Users\sdagn\AppData\Local\Programs\MiKTeX\tex/latex/hycolor\hycolor.sty
Package: hycolor 2020-01-27 v1.10 Color options for hyperref/bookmark (HO)
)
(C:\Users\sdagn\AppData\Local\Programs\MiKTeX\tex/latex/hyperref\nameref.sty
Package: nameref 2025-06-21 v2.57 Cross-referencing by name of section

(C:\Users\sdagn\AppData\Local\Programs\MiKTeX\tex/latex/refcount\refcount.sty
Package: refcount 2019/12/15 v3.6 Data extraction from label references (HO)
)
(C:\Users\sdagn\AppData\Local\Programs\MiKTeX\tex/generic/gettitlestring\gettit
lestring.sty
Package: gettitlestring 2019/12/15 v1.6 Cleanup title references (HO)

(C:\Users\sdagn\AppData\Local\Programs\MiKTeX\tex/latex/kvoptions\kvoptions.sty
Package: kvoptions 2022-06-15 v3.15 Key value format for package options (HO)
))
\c@section@level=\count299
)
(C:\Users\sdagn\AppData\Local\Programs\MiKTeX\tex/latex/etoolbox\etoolbox.sty
Package: etoolbox 2025/10/02 v2.5m e-TeX tools for LaTeX (JAW)
\etb@tempcnta=\count300
)
(C:\Users\sdagn\AppData\Local\Programs\MiKTeX\tex/generic/stringenc\stringenc.s
ty
Package: stringenc 2019/11/29 v1.12 Convert strings between diff. encodings (HO
)
)
\@linkdim=\dimen180
\Hy@linkcounter=\count301
\Hy@pagecounter=\count302
 (C:\Users\sdagn\AppData\Local\Programs\MiKTeX\tex/latex/hyperref\pd1enc.def
File: pd1enc.def 2025-07-12 v7.01o Hyperref: PDFDocEncoding definition (HO)
Now handling font encoding PD1 ...
... no UTF-8 mapping file for font encoding PD1
) (C:\Users\sdagn\AppData\Local\Programs\MiKTeX\tex/generic/intcalc\intcalc.sty
Package: intcalc 2019/12/15 v1.3 Expandable calculations with integers (HO)
)
\Hy@SavedSpaceFactor=\count303
 (C:\Users\sdagn\AppData\Local\Programs\MiKTeX\tex/latex/hyperref\puenc.def
File: puenc.def 2025-07-12 v7.01o Hyperref: PDF Unicode definition (HO)
Now handling font encoding PU ...
... no UTF-8 mapping file for font encoding PU
)
Package hyperref Info: Hyper figures OFF on input line 4195.
Package hyperref Info: Link nesting OFF on input line 4200.
Package hyperref Info: Hyper index ON on input line 4203.
Package hyperref Info: Plain pages OFF on input line 4210.
Package hyperref Info: Backreferencing OFF on input line 4215.
Package hyperref Info: Implicit mode ON; LaTeX internals redefined.
Package hyperref Info: Bookmarks ON on input line 4462.
\c@Hy@tempcnt=\count304

(C:\Users\sdagn\AppData\Local\Programs\MiKTeX\tex/latex/url\url.sty
\Urlmuskip=\muskip17
Package: url 2013/09/16  ver 3.4  Verb mode for urls, etc.
)
LaTeX Info: Redefining \url on input line 4801.
\XeTeXLinkMargin=\dimen181

(C:\Users\sdagn\AppData\Local\Programs\MiKTeX\tex/generic/bitset\bitset.sty
Package: bitset 2019/12/09 v1.3 Handle bit-vector datatype (HO)

(C:\Users\sdagn\AppData\Local\Programs\MiKTeX\tex/generic/bigintcalc\bigintcalc
.sty
Package: bigintcalc 2019/12/15 v1.5 Expandable calculations on big integers (HO
)
))
\Fld@menulength=\count305
\Field@Width=\dimen182
\Fld@charsize=\dimen183
Package hyperref Info: Hyper figures OFF on input line 6078.
Package hyperref Info: Link nesting OFF on input line 6083.
Package hyperref Info: Hyper index ON on input line 6086.
Package hyperref Info: backreferencing OFF on input line 6093.
Package hyperref Info: Link coloring OFF on input line 6098.
Package hyperref Info: Link coloring with OCG OFF on input line 6103.
Package hyperref Info: PDF/A mode OFF on input line 6108.
\Hy@abspage=\count306
\c@Item=\count307
\c@Hfootnote=\count308
)
Package hyperref Info: Driver (autodetected): hpdftex.

(C:\Users\sdagn\AppData\Local\Programs\MiKTeX\tex/latex/hyperref\hpdftex.def
File: hpdftex.def 2025-07-12 v7.01o Hyperref driver for pdfTeX
\Fld@listcount=\count309
\c@bookmark@seq@number=\count310

(C:\Users\sdagn\AppData\Local\Programs\MiKTeX\tex/latex/rerunfilecheck\rerunfil
echeck.sty
Package: rerunfilecheck 2025-06-21 v1.11 Rerun checks for auxiliary files (HO)

(C:\Users\sdagn\AppData\Local\Programs\MiKTeX\tex/generic/uniquecounter\uniquec
ounter.sty
Package: uniquecounter 2019/12/15 v1.4 Provide unlimited unique counter (HO)
)
Package uniquecounter Info: New unique counter `rerunfilecheck' on input line 2
84.
)
\Hy@SectionHShift=\skip57
)
Package hyperref Info: Option `colorlinks' set `true' on input line 1471.
Package hyperref Info: Option `breaklinks' set `true' on input line 1471.
Package hyperref Info: Option `plainpages' set `false' on input line 1471.
Package hyperref Info: Option `bookmarksopen' set `true' on input line 1471.
Package hyperref Info: Option `bookmarksnumbered' set `false' on input line 147
1.

(C:\Users\sdagn\AppData\Local\Programs\MiKTeX\tex/latex/wrapfig\wrapfig.sty
\wrapoverhang=\dimen184
\WF@size=\dimen185
\c@WF@wrappedlines=\count311
\WF@box=\box70
\WF@everypar=\toks23
Package: wrapfig 2003/01/31  v 3.6
)
\wraplines=\count312
\@authorfigbox=\box71
\@authorfigboxdim=\skip58
\biofigadjskip=\skip59

(C:\Users\sdagn\AppData\Local\Programs\MiKTeX\tex/latex/amscls\amsthm.sty
Package: amsthm 2020/05/29 v2.20.6
\thm@style=\toks24
\thm@bodyfont=\toks25
\thm@headfont=\toks26
\thm@notefont=\toks27
\thm@headpunct=\toks28
\thm@preskip=\skip60
\thm@postskip=\skip61
\thm@headsep=\skip62
\dth@everypar=\toks29
)
(C:\Users\sdagn\AppData\Local\Programs\MiKTeX\tex/latex/base\fix-cm.sty
Package: fix-cm 2020/11/24 v1.1t fixes to LaTeX

(C:\Users\sdagn\AppData\Local\Programs\MiKTeX\tex/latex/base\ts1enc.def
File: ts1enc.def 2001/06/05 v3.0e (jk/car/fm) Standard LaTeX file
LaTeX Font Info:    Redeclaring font encoding TS1 on input line 47.
LaTeX Encoding Info:    Redeclaring text command \capitalcedilla (encoding TS1)
 on input line 49.
LaTeX Encoding Info:    Redeclaring text command \capitalogonek (encoding TS1) 
on input line 52.
LaTeX Encoding Info:    Redeclaring text command \capitalgrave (encoding TS1) o
n input line 55.
LaTeX Encoding Info:    Redeclaring text command \capitalacute (encoding TS1) o
n input line 56.
LaTeX Encoding Info:    Redeclaring text command \capitalcircumflex (encoding T
S1) on input line 57.
LaTeX Encoding Info:    Redeclaring text command \capitaltilde (encoding TS1) o
n input line 58.
LaTeX Encoding Info:    Redeclaring text command \capitaldieresis (encoding TS1
) on input line 59.
LaTeX Encoding Info:    Redeclaring text command \capitalhungarumlaut (encoding
 TS1) on input line 60.
LaTeX Encoding Info:    Redeclaring text command \capitalring (encoding TS1) on
 input line 61.
LaTeX Encoding Info:    Redeclaring text command \capitalcaron (encoding TS1) o
n input line 62.
LaTeX Encoding Info:    Redeclaring text command \capitalbreve (encoding TS1) o
n input line 63.
LaTeX Encoding Info:    Redeclaring text command \capitalmacron (encoding TS1) 
on input line 64.
LaTeX Encoding Info:    Redeclaring text command \capitaldotaccent (encoding TS
1) on input line 65.
LaTeX Encoding Info:    Redeclaring text command \t (encoding TS1) on input lin
e 66.
LaTeX Encoding Info:    Redeclaring text command \capitaltie (encoding TS1) on 
input line 67.
LaTeX Encoding Info:    Redeclaring text command \newtie (encoding TS1) on inpu
t line 68.
LaTeX Encoding Info:    Redeclaring text command \capitalnewtie (encoding TS1) 
on input line 69.
LaTeX Encoding Info:    Redeclaring text symbol \textcapitalcompwordmark (encod
ing TS1) on input line 70.
LaTeX Encoding Info:    Redeclaring text symbol \textascendercompwordmark (enco
ding TS1) on input line 71.
LaTeX Encoding Info:    Redeclaring text symbol \textquotestraightbase (encodin
g TS1) on input line 72.
LaTeX Encoding Info:    Redeclaring text symbol \textquotestraightdblbase (enco
ding TS1) on input line 73.
LaTeX Encoding Info:    Redeclaring text symbol \texttwelveudash (encoding TS1)
 on input line 74.
LaTeX Encoding Info:    Redeclaring text symbol \textthreequartersemdash (encod
ing TS1) on input line 75.
LaTeX Encoding Info:    Redeclaring text symbol \textleftarrow (encoding TS1) o
n input line 76.
LaTeX Encoding Info:    Redeclaring text symbol \textrightarrow (encoding TS1) 
on input line 77.
LaTeX Encoding Info:    Redeclaring text symbol \textblank (encoding TS1) on in
put line 78.
LaTeX Encoding Info:    Redeclaring text symbol \textdollar (encoding TS1) on i
nput line 79.
LaTeX Encoding Info:    Redeclaring text symbol \textquotesingle (encoding TS1)
 on input line 80.
LaTeX Encoding Info:    Redeclaring text command \textasteriskcentered (encodin
g TS1) on input line 81.
LaTeX Encoding Info:    Redeclaring text symbol \textdblhyphen (encoding TS1) o
n input line 92.
LaTeX Encoding Info:    Redeclaring text symbol \textfractionsolidus (encoding 
TS1) on input line 93.
LaTeX Encoding Info:    Redeclaring text symbol \textzerooldstyle (encoding TS1
) on input line 94.
LaTeX Encoding Info:    Redeclaring text symbol \textoneoldstyle (encoding TS1)
 on input line 95.
LaTeX Encoding Info:    Redeclaring text symbol \texttwooldstyle (encoding TS1)
 on input line 96.
LaTeX Encoding Info:    Redeclaring text symbol \textthreeoldstyle (encoding TS
1) on input line 97.
LaTeX Encoding Info:    Redeclaring text symbol \textfouroldstyle (encoding TS1
) on input line 98.
LaTeX Encoding Info:    Redeclaring text symbol \textfiveoldstyle (encoding TS1
) on input line 99.
LaTeX Encoding Info:    Redeclaring text symbol \textsixoldstyle (encoding TS1)
 on input line 100.
LaTeX Encoding Info:    Redeclaring text symbol \textsevenoldstyle (encoding TS
1) on input line 101.
LaTeX Encoding Info:    Redeclaring text symbol \texteightoldstyle (encoding TS
1) on input line 102.
LaTeX Encoding Info:    Redeclaring text symbol \textnineoldstyle (encoding TS1
) on input line 103.
LaTeX Encoding Info:    Redeclaring text symbol \textlangle (encoding TS1) on i
nput line 104.
LaTeX Encoding Info:    Redeclaring text symbol \textminus (encoding TS1) on in
put line 105.
LaTeX Encoding Info:    Redeclaring text symbol \textrangle (encoding TS1) on i
nput line 106.
LaTeX Encoding Info:    Redeclaring text symbol \textmho (encoding TS1) on inpu
t line 107.
LaTeX Encoding Info:    Redeclaring text symbol \textbigcircle (encoding TS1) o
n input line 108.
LaTeX Encoding Info:    Redeclaring text command \textcircled (encoding TS1) on
 input line 109.
LaTeX Encoding Info:    Redeclaring text symbol \textohm (encoding TS1) on inpu
t line 115.
LaTeX Encoding Info:    Redeclaring text symbol \textlbrackdbl (encoding TS1) o
n input line 116.
LaTeX Encoding Info:    Redeclaring text symbol \textrbrackdbl (encoding TS1) o
n input line 117.
LaTeX Encoding Info:    Redeclaring text symbol \textuparrow (encoding TS1) on 
input line 118.
LaTeX Encoding Info:    Redeclaring text symbol \textdownarrow (encoding TS1) o
n input line 119.
LaTeX Encoding Info:    Redeclaring text symbol \textasciigrave (encoding TS1) 
on input line 120.
LaTeX Encoding Info:    Redeclaring text symbol \textborn (encoding TS1) on inp
ut line 121.
LaTeX Encoding Info:    Redeclaring text symbol \textdivorced (encoding TS1) on
 input line 122.
LaTeX Encoding Info:    Redeclaring text symbol \textdied (encoding TS1) on inp
ut line 123.
LaTeX Encoding Info:    Redeclaring text symbol \textleaf (encoding TS1) on inp
ut line 124.
LaTeX Encoding Info:    Redeclaring text symbol \textmarried (encoding TS1) on 
input line 125.
LaTeX Encoding Info:    Redeclaring text symbol \textmusicalnote (encoding TS1)
 on input line 126.
LaTeX Encoding Info:    Redeclaring text symbol \texttildelow (encoding TS1) on
 input line 127.
LaTeX Encoding Info:    Redeclaring text symbol \textdblhyphenchar (encoding TS
1) on input line 128.
LaTeX Encoding Info:    Redeclaring text symbol \textasciibreve (encoding TS1) 
on input line 129.
LaTeX Encoding Info:    Redeclaring text symbol \textasciicaron (encoding TS1) 
on input line 130.
LaTeX Encoding Info:    Redeclaring text symbol \textacutedbl (encoding TS1) on
 input line 131.
LaTeX Encoding Info:    Redeclaring text symbol \textgravedbl (encoding TS1) on
 input line 132.
LaTeX Encoding Info:    Redeclaring text symbol \textdagger (encoding TS1) on i
nput line 133.
LaTeX Encoding Info:    Redeclaring text symbol \textdaggerdbl (encoding TS1) o
n input line 134.
LaTeX Encoding Info:    Redeclaring text symbol \textbardbl (encoding TS1) on i
nput line 135.
LaTeX Encoding Info:    Redeclaring text symbol \textperthousand (encoding TS1)
 on input line 136.
LaTeX Encoding Info:    Redeclaring text symbol \textbullet (encoding TS1) on i
nput line 137.
LaTeX Encoding Info:    Redeclaring text symbol \textcelsius (encoding TS1) on 
input line 138.
LaTeX Encoding Info:    Redeclaring text symbol \textdollaroldstyle (encoding T
S1) on input line 139.
LaTeX Encoding Info:    Redeclaring text symbol \textcentoldstyle (encoding TS1
) on input line 140.
LaTeX Encoding Info:    Redeclaring text symbol \textflorin (encoding TS1) on i
nput line 141.
LaTeX Encoding Info:    Redeclaring text symbol \textcolonmonetary (encoding TS
1) on input line 142.
LaTeX Encoding Info:    Redeclaring text symbol \textwon (encoding TS1) on inpu
t line 143.
LaTeX Encoding Info:    Redeclaring text symbol \textnaira (encoding TS1) on in
put line 144.
LaTeX Encoding Info:    Redeclaring text symbol \textguarani (encoding TS1) on 
input line 145.
LaTeX Encoding Info:    Redeclaring text symbol \textpeso (encoding TS1) on inp
ut line 146.
LaTeX Encoding Info:    Redeclaring text symbol \textlira (encoding TS1) on inp
ut line 147.
LaTeX Encoding Info:    Redeclaring text symbol \textrecipe (encoding TS1) on i
nput line 148.
LaTeX Encoding Info:    Redeclaring text symbol \textinterrobang (encoding TS1)
 on input line 149.
LaTeX Encoding Info:    Redeclaring text symbol \textinterrobangdown (encoding 
TS1) on input line 150.
LaTeX Encoding Info:    Redeclaring text symbol \textdong (encoding TS1) on inp
ut line 151.
LaTeX Encoding Info:    Redeclaring text symbol \texttrademark (encoding TS1) o
n input line 152.
LaTeX Encoding Info:    Redeclaring text symbol \textpertenthousand (encoding T
S1) on input line 153.
LaTeX Encoding Info:    Redeclaring text symbol \textpilcrow (encoding TS1) on 
input line 154.
LaTeX Encoding Info:    Redeclaring text symbol \textbaht (encoding TS1) on inp
ut line 155.
LaTeX Encoding Info:    Redeclaring text symbol \textnumero (encoding TS1) on i
nput line 156.
LaTeX Encoding Info:    Redeclaring text symbol \textdiscount (encoding TS1) on
 input line 157.
LaTeX Encoding Info:    Redeclaring text symbol \textestimated (encoding TS1) o
n input line 158.
LaTeX Encoding Info:    Redeclaring text symbol \textopenbullet (encoding TS1) 
on input line 159.
LaTeX Encoding Info:    Redeclaring text symbol \textservicemark (encoding TS1)
 on input line 160.
LaTeX Encoding Info:    Redeclaring text symbol \textlquill (encoding TS1) on i
nput line 161.
LaTeX Encoding Info:    Redeclaring text symbol \textrquill (encoding TS1) on i
nput line 162.
LaTeX Encoding Info:    Redeclaring text symbol \textcent (encoding TS1) on inp
ut line 163.
LaTeX Encoding Info:    Redeclaring text symbol \textsterling (encoding TS1) on
 input line 164.
LaTeX Encoding Info:    Redeclaring text symbol \textcurrency (encoding TS1) on
 input line 165.
LaTeX Encoding Info:    Redeclaring text symbol \textyen (encoding TS1) on inpu
t line 166.
LaTeX Encoding Info:    Redeclaring text symbol \textbrokenbar (encoding TS1) o
n input line 167.
LaTeX Encoding Info:    Redeclaring text symbol \textsection (encoding TS1) on 
input line 168.
LaTeX Encoding Info:    Redeclaring text symbol \textasciidieresis (encoding TS
1) on input line 169.
LaTeX Encoding Info:    Redeclaring text symbol \textcopyright (encoding TS1) o
n input line 170.
LaTeX Encoding Info:    Redeclaring text symbol \textordfeminine (encoding TS1)
 on input line 171.
LaTeX Encoding Info:    Redeclaring text symbol \textcopyleft (encoding TS1) on
 input line 172.
LaTeX Encoding Info:    Redeclaring text symbol \textlnot (encoding TS1) on inp
ut line 173.
LaTeX Encoding Info:    Redeclaring text symbol \textcircledP (encoding TS1) on
 input line 174.
LaTeX Encoding Info:    Redeclaring text symbol \textregistered (encoding TS1) 
on input line 175.
LaTeX Encoding Info:    Redeclaring text symbol \textasciimacron (encoding TS1)
 on input line 176.
LaTeX Encoding Info:    Redeclaring text symbol \textdegree (encoding TS1) on i
nput line 177.
LaTeX Encoding Info:    Redeclaring text symbol \textpm (encoding TS1) on input
 line 178.
LaTeX Encoding Info:    Redeclaring text symbol \texttwosuperior (encoding TS1)
 on input line 179.
LaTeX Encoding Info:    Redeclaring text symbol \textthreesuperior (encoding TS
1) on input line 180.
LaTeX Encoding Info:    Redeclaring text symbol \textasciiacute (encoding TS1) 
on input line 181.
LaTeX Encoding Info:    Redeclaring text symbol \textmu (encoding TS1) on input
 line 182.
LaTeX Encoding Info:    Redeclaring text symbol \textparagraph (encoding TS1) o
n input line 183.
LaTeX Encoding Info:    Redeclaring text symbol \textperiodcentered (encoding T
S1) on input line 184.
LaTeX Encoding Info:    Redeclaring text symbol \textreferencemark (encoding TS
1) on input line 185.
LaTeX Encoding Info:    Redeclaring text symbol \textonesuperior (encoding TS1)
 on input line 186.
LaTeX Encoding Info:    Redeclaring text symbol \textordmasculine (encoding TS1
) on input line 187.
LaTeX Encoding Info:    Redeclaring text symbol \textsurd (encoding TS1) on inp
ut line 188.
LaTeX Encoding Info:    Redeclaring text symbol \textonequarter (encoding TS1) 
on input line 189.
LaTeX Encoding Info:    Redeclaring text symbol \textonehalf (encoding TS1) on 
input line 190.
LaTeX Encoding Info:    Redeclaring text symbol \textthreequarters (encoding TS
1) on input line 191.
LaTeX Encoding Info:    Redeclaring text symbol \texteuro (encoding TS1) on inp
ut line 192.
LaTeX Encoding Info:    Redeclaring text symbol \texttimes (encoding TS1) on in
put line 193.
LaTeX Encoding Info:    Redeclaring text symbol \textdiv (encoding TS1) on inpu
t line 194.
))
(C:\Users\sdagn\AppData\Local\Programs\MiKTeX\tex/latex/natbib\natbib.sty
Package: natbib 2010/09/13 8.31b (PWD, AO)
\bibhang=\skip63
\bibsep=\skip64
LaTeX Info: Redefining \cite on input line 694.
\c@NAT@ctr=\count313
))
(C:\Users\sdagn\AppData\Local\Programs\MiKTeX\tex/latex/base\fontenc.sty
Package: fontenc 2025/07/18 v2.1d Standard LaTeX package
)
(C:\Users\sdagn\AppData\Local\Programs\MiKTeX\tex/latex/lm\lmodern.sty
Package: lmodern 2015/05/01 v1.6.1 Latin Modern Fonts
LaTeX Font Info:    Overwriting symbol font `operators' in version `normal'
(Font)                  OT1/cmr/m/n --> OT1/lmr/m/n on input line 22.
LaTeX Font Info:    Overwriting symbol font `letters' in version `normal'
(Font)                  OML/cmm/m/it --> OML/lmm/m/it on input line 23.
LaTeX Font Info:    Overwriting symbol font `symbols' in version `normal'
(Font)                  OMS/cmsy/m/n --> OMS/lmsy/m/n on input line 24.
LaTeX Font Info:    Overwriting symbol font `largesymbols' in version `normal'
(Font)                  OMX/cmex/m/n --> OMX/lmex/m/n on input line 25.
LaTeX Font Info:    Overwriting symbol font `operators' in version `bold'
(Font)                  OT1/cmr/bx/n --> OT1/lmr/bx/n on input line 26.
LaTeX Font Info:    Overwriting symbol font `letters' in version `bold'
(Font)                  OML/cmm/b/it --> OML/lmm/b/it on input line 27.
LaTeX Font Info:    Overwriting symbol font `symbols' in version `bold'
(Font)                  OMS/cmsy/b/n --> OMS/lmsy/b/n on input line 28.
LaTeX Font Info:    Overwriting symbol font `largesymbols' in version `bold'
(Font)                  OMX/cmex/m/n --> OMX/lmex/m/n on input line 29.
LaTeX Font Info:    Overwriting math alphabet `\mathbf' in version `normal'
(Font)                  OT1/cmr/bx/n --> OT1/lmr/bx/n on input line 31.
LaTeX Font Info:    Overwriting math alphabet `\mathsf' in version `normal'
(Font)                  OT1/cmss/m/n --> OT1/lmss/m/n on input line 32.
LaTeX Font Info:    Overwriting math alphabet `\mathit' in version `normal'
(Font)                  OT1/cmr/m/it --> OT1/lmr/m/it on input line 33.
LaTeX Font Info:    Overwriting math alphabet `\mathtt' in version `normal'
(Font)                  OT1/cmtt/m/n --> OT1/lmtt/m/n on input line 34.
LaTeX Font Info:    Overwriting math alphabet `\mathbf' in version `bold'
(Font)                  OT1/cmr/bx/n --> OT1/lmr/bx/n on input line 35.
LaTeX Font Info:    Overwriting math alphabet `\mathsf' in version `bold'
(Font)                  OT1/cmss/bx/n --> OT1/lmss/bx/n on input line 36.
LaTeX Font Info:    Overwriting math alphabet `\mathit' in version `bold'
(Font)                  OT1/cmr/bx/it --> OT1/lmr/bx/it on input line 37.
LaTeX Font Info:    Overwriting math alphabet `\mathtt' in version `bold'
(Font)                  OT1/cmtt/m/n --> OT1/lmtt/m/n on input line 38.
)
(C:\Users\sdagn\AppData\Local\Programs\MiKTeX\tex/latex/amsmath\amsmath.sty
Package: amsmath 2025/07/09 v2.17z AMS math features
\@mathmargin=\skip65

For additional information on amsmath, use the `?' option.
(C:\Users\sdagn\AppData\Local\Programs\MiKTeX\tex/latex/amsmath\amstext.sty
Package: amstext 2024/11/17 v2.01 AMS text

(C:\Users\sdagn\AppData\Local\Programs\MiKTeX\tex/latex/amsmath\amsgen.sty
File: amsgen.sty 1999/11/30 v2.0 generic functions
\@emptytoks=\toks30
\ex@=\dimen186
))
(C:\Users\sdagn\AppData\Local\Programs\MiKTeX\tex/latex/amsmath\amsbsy.sty
Package: amsbsy 1999/11/29 v1.2d Bold Symbols
\pmbraise@=\dimen187
)
(C:\Users\sdagn\AppData\Local\Programs\MiKTeX\tex/latex/amsmath\amsopn.sty
Package: amsopn 2022/04/08 v2.04 operator names
)
\inf@bad=\count314
LaTeX Info: Redefining \frac on input line 233.
\uproot@=\count315
\leftroot@=\count316
LaTeX Info: Redefining \overline on input line 398.
LaTeX Info: Redefining \colon on input line 409.
\classnum@=\count317
\DOTSCASE@=\count318
LaTeX Info: Redefining \ldots on input line 495.
LaTeX Info: Redefining \dots on input line 498.
LaTeX Info: Redefining \cdots on input line 619.
\Mathstrutbox@=\box72
\strutbox@=\box73
LaTeX Info: Redefining \big on input line 721.
LaTeX Info: Redefining \Big on input line 722.
LaTeX Info: Redefining \bigg on input line 723.
LaTeX Info: Redefining \Bigg on input line 724.
\big@size=\dimen188
LaTeX Font Info:    Redeclaring font encoding OML on input line 742.
LaTeX Font Info:    Redeclaring font encoding OMS on input line 743.
\macc@depth=\count319
LaTeX Info: Redefining \bmod on input line 904.
LaTeX Info: Redefining \pmod on input line 909.
LaTeX Info: Redefining \smash on input line 939.
LaTeX Info: Redefining \relbar on input line 969.
LaTeX Info: Redefining \Relbar on input line 970.
\c@MaxMatrixCols=\count320
\dotsspace@=\muskip18
\c@parentequation=\count321
\dspbrk@lvl=\count322
\tag@help=\toks31
\row@=\count323
\column@=\count324
\maxfields@=\count325
\andhelp@=\toks32
\eqnshift@=\dimen189
\alignsep@=\dimen190
\tagshift@=\dimen191
\tagwidth@=\dimen192
\totwidth@=\dimen193
\lineht@=\dimen194
\@envbody=\toks33
\multlinegap=\skip66
\multlinetaggap=\skip67
\mathdisplay@stack=\toks34
LaTeX Info: Redefining \[ on input line 2950.
LaTeX Info: Redefining \] on input line 2951.
)
(C:\Users\sdagn\AppData\Local\Programs\MiKTeX\tex/latex/amsfonts\amssymb.sty
Package: amssymb 2013/01/14 v3.01 AMS font symbols

(C:\Users\sdagn\AppData\Local\Programs\MiKTeX\tex/latex/amsfonts\amsfonts.sty
Package: amsfonts 2013/01/14 v3.01 Basic AMSFonts support
\symAMSa=\mathgroup4
\symAMSb=\mathgroup5
LaTeX Font Info:    Redeclaring math symbol \hbar on input line 98.
LaTeX Font Info:    Overwriting math alphabet `\mathfrak' in version `bold'
(Font)                  U/euf/m/n --> U/euf/b/n on input line 106.
)) (C:\Users\sdagn\AppData\Local\Programs\MiKTeX\tex/latex/tools\bm.sty
Package: bm 2025/10/21 v1.2g Bold Symbol Support (DPC/FMi)
\symboldoperators=\mathgroup6
\symboldletters=\mathgroup7
\symboldsymbols=\mathgroup8
Package bm Info: No bold for \OMX/lmex/m/n, using \pmb.
Package bm Info: No bold for \U/msa/m/n, using \pmb.
Package bm Info: No bold for \U/msb/m/n, using \pmb.
LaTeX Font Info:    Redeclaring math alphabet \mathbf on input line 149.
)
(C:\Users\sdagn\AppData\Local\Programs\MiKTeX\tex/latex/booktabs\booktabs.sty
Package: booktabs 2020/01/12 v1.61803398 Publication quality tables
\heavyrulewidth=\dimen195
\lightrulewidth=\dimen196
\cmidrulewidth=\dimen197
\belowrulesep=\dimen198
\belowbottomsep=\dimen199
\aboverulesep=\dimen256
\abovetopsep=\dimen257
\cmidrulesep=\dimen258
\cmidrulekern=\dimen259
\defaultaddspace=\dimen260
\@cmidla=\count326
\@cmidlb=\count327
\@aboverulesep=\dimen261
\@belowrulesep=\dimen262
\@thisruleclass=\count328
\@lastruleclass=\count329
\@thisrulewidth=\dimen263
)
(C:\Users\sdagn\AppData\Local\Programs\MiKTeX\tex/latex/tools\tabularx.sty
Package: tabularx 2023/12/11 v2.12a `tabularx' package (DPC)

(C:\Users\sdagn\AppData\Local\Programs\MiKTeX\tex/latex/tools\array.sty
Package: array 2025/09/25 v2.6n Tabular extension package (FMi)
\col@sep=\dimen264
\ar@mcellbox=\box74
\extrarowheight=\dimen265
\NC@list=\toks35
\extratabsurround=\skip68
\backup@length=\skip69
\ar@cellbox=\box75
)
\TX@col@width=\dimen266
\TX@old@table=\dimen267
\TX@old@col=\dimen268
\TX@target=\dimen269
\TX@delta=\dimen270
\TX@cols=\count330
\TX@ftn=\toks36
)
(C:\Users\sdagn\AppData\Local\Programs\MiKTeX\tex/latex/xcolor\xcolor.sty
Package: xcolor 2024/09/29 v3.02 LaTeX color extensions (UK)

(C:\Users\sdagn\AppData\Local\Programs\MiKTeX\tex/latex/graphics-cfg\color.cfg
File: color.cfg 2016/01/02 v1.6 sample color configuration
)
Package xcolor Info: Driver file: pdftex.def on input line 274.
(C:\Users\sdagn\AppData\Local\Programs\MiKTeX\tex/latex/graphics\mathcolor.ltx)
Package xcolor Info: Model `cmy' substituted by `cmy0' on input line 1349.
Package xcolor Info: Model `hsb' substituted by `rgb' on input line 1353.
Package xcolor Info: Model `RGB' extended on input line 1365.
Package xcolor Info: Model `HTML' substituted by `rgb' on input line 1367.
Package xcolor Info: Model `Hsb' substituted by `hsb' on input line 1368.
Package xcolor Info: Model `tHsb' substituted by `hsb' on input line 1369.
Package xcolor Info: Model `HSB' substituted by `hsb' on input line 1370.
Package xcolor Info: Model `Gray' substituted by `gray' on input line 1371.
Package xcolor Info: Model `wave' substituted by `hsb' on input line 1372.
)
(C:\Users\sdagn\AppData\Local\Programs\MiKTeX\tex/latex/microtype\microtype.sty
Package: microtype 2026/03/01 v3.2d Micro-typographical refinements (RS)
\MT@toks=\toks37
\MT@tempbox=\box76
\MT@count=\count331
LaTeX Info: Redefining \noprotrusionifhmode on input line 1084.
LaTeX Info: Redefining \leftprotrusion on input line 1085.
\MT@prot@toks=\toks38
LaTeX Info: Redefining \rightprotrusion on input line 1104.
LaTeX Info: Redefining \textls on input line 1449.
\MT@outer@kern=\dimen271
LaTeX Info: Redefining \microtypecontext on input line 2053.
LaTeX Info: Redefining \textmicrotypecontext on input line 2070.
\MT@listname@count=\count332

(C:\Users\sdagn\AppData\Local\Programs\MiKTeX\tex/latex/microtype\microtype-pdf
tex.def
File: microtype-pdftex.def 2026/03/01 v3.2d Definitions specific to pdftex (RS)

LaTeX Info: Redefining \lsstyle on input line 944.
LaTeX Info: Redefining \lslig on input line 944.
\MT@outer@space=\skip70
)
Package microtype Info: Loading configuration file microtype.cfg.

(C:\Users\sdagn\AppData\Local\Programs\MiKTeX\tex/latex/microtype\microtype.cfg
File: microtype.cfg 2026/03/01 v3.2d microtype main configuration file (RS)
)
LaTeX Info: Redefining \microtypesetup on input line 3065.
)
(C:\Users\sdagn\AppData\Local\Programs\MiKTeX\tex/latex/placeins\placeins.sty
Package: placeins 2005/04/18  v 2.2
)
Package hyperref Info: Option `colorlinks' set `true' on input line 24.
\c@proposition=\count333
\c@lemma=\count334
\c@definition=\count335
\c@remark=\count336
LaTeX Font Info:    Trying to load font information for T1+lmr on input line 46
.

(C:\Users\sdagn\AppData\Local\Programs\MiKTeX\tex/latex/lm\t1lmr.fd
File: t1lmr.fd 2015/05/01 v1.6.1 Font defs for Latin Modern
)
(C:\Users\sdagn\AppData\Local\Programs\MiKTeX\tex/latex/l3backend\l3backend-pdf
tex.def
File: l3backend-pdftex.def 2025-10-09 L3 backend support: PDF output (pdfTeX)
\l__color_backend_stack_int=\count337
)
No file main.aux.
\openout1 = `main.aux'.

LaTeX Font Info:    Checking defaults for OML/cmm/m/it on input line 46.
LaTeX Font Info:    ... okay on input line 46.
LaTeX Font Info:    Checking defaults for OMS/cmsy/m/n on input line 46.
LaTeX Font Info:    ... okay on input line 46.
LaTeX Font Info:    Checking defaults for OT1/cmr/m/n on input line 46.
LaTeX Font Info:    ... okay on input line 46.
LaTeX Font Info:    Checking defaults for T1/cmr/m/n on input line 46.
LaTeX Font Info:    ... okay on input line 46.
LaTeX Font Info:    Checking defaults for TS1/cmr/m/n on input line 46.
LaTeX Font Info:    ... okay on input line 46.
LaTeX Font Info:    Checking defaults for OMX/cmex/m/n on input line 46.
LaTeX Font Info:    ... okay on input line 46.
LaTeX Font Info:    Checking defaults for U/cmr/m/n on input line 46.
LaTeX Font Info:    ... okay on input line 46.
LaTeX Font Info:    Checking defaults for PD1/pdf/m/n on input line 46.
LaTeX Font Info:    ... okay on input line 46.
LaTeX Font Info:    Checking defaults for PU/pdf/m/n on input line 46.
LaTeX Font Info:    ... okay on input line 46.
*geometry* driver: auto-detecting
*geometry* detected driver: pdftex
*geometry* verbose mode - [ preamble ] result:
* driver: pdftex
* paper: custom
* layout: <same size as paper>
* layoutoffset:(h,v)=(0.0pt,0.0pt)
* bindingoffset: 17.07164pt
* modes: twoside 
* h-part:(L,W,R)=(83.37448pt, 372.0pt, 125.06175pt)
* v-part:(T,H,B)=(73.97716pt, 552.69478pt, 218.37491pt)
* \paperwidth=597.50787pt
* \paperheight=845.04684pt
* \textwidth=372.0pt
* \textheight=552.69478pt
* \oddsidemargin=28.17613pt
* \evensidemargin=52.79176pt
* \topmargin=-19.72638pt
* \headheight=5.5pt
* \headsep=15.93355pt
* \topskip=10.0pt
* \footskip=28.45274pt
* \marginparwidth=34.1433pt
* \marginparsep=14.22636pt
* \columnsep=14.22636pt
* \skip\footins=8.0pt plus 4.0pt
* \hoffset=0.0pt
* \voffset=0.0pt
* \mag=1000
* \@twocolumnfalse
* \@twosidetrue
* \@mparswitchtrue
* \@reversemargintrue
* (1in=72.27pt=25.4mm, 1cm=28.453pt)


(C:\Users\sdagn\AppData\Local\Programs\MiKTeX\tex/context/base/mkii\supp-pdf.mk
ii
[Loading MPS to PDF converter (version 2006.09.02).]
\scratchcounter=\count338
\scratchdimen=\dimen272
\scratchbox=\box77
\nofMPsegments=\count339
\nofMParguments=\count340
\everyMPshowfont=\toks39
\MPscratchCnt=\count341
\MPscratchDim=\dimen273
\MPnumerator=\count342
\makeMPintoPDFobject=\count343
\everyMPtoPDFconversion=\toks40
)
(C:\Users\sdagn\AppData\Local\Programs\MiKTeX\tex/latex/epstopdf-pkg\epstopdf-b
ase.sty
Package: epstopdf-base 2020-01-24 v2.11 Base part for package epstopdf

(C:\Users\sdagn\AppData\Local\Programs\MiKTeX\tex/latex/grfext\grfext.sty
Package: grfext 2019/12/03 v1.3 Manage graphics extensions (HO)
)
Package epstopdf-base Info: Redefining graphics rule for `.eps' on input line 4
85.
Package grfext Info: Graphics extension search list:
(grfext)             [.pdf,.png,.jpg,.mps,.jpeg,.jbig2,.jb2,.PDF,.PNG,.JPG,.JPE
G,.JBIG2,.JB2,.eps]
(grfext)             \AppendGraphicsExtensions on input line 504.

(C:\Users\sdagn\AppData\Local\Programs\MiKTeX\tex/latex/00miktex\epstopdf-sys.c
fg
File: epstopdf-sys.cfg 2021/03/18 v2.0 Configuration of epstopdf for MiKTeX
))
LaTeX Info: Redefining \S on input line 46.
LaTeX Font Info:    Redeclaring symbol font `AMSa' on input line 46.
LaTeX Font Info:    Overwriting symbol font `AMSa' in version `normal'
(Font)                  U/msa/m/n --> U/msa/m/n on input line 46.
LaTeX Font Info:    Overwriting symbol font `AMSa' in version `bold'
(Font)                  U/msa/m/n --> U/msa/m/n on input line 46.
Package hyperref Info: Link coloring ON on input line 46.
\@outlinefile=\write3
\openout3 = `main.out'.

LaTeX Info: Redefining \microtypecontext on input line 46.
Package microtype Info: Applying patch `item' on input line 46.
Package microtype Info: Applying patch `toc' on input line 46.
Package microtype Info: Applying patch `eqnum' on input line 46.
Package microtype Info: Applying patch `footnote' on input line 46.
Package microtype Info: Applying patch `verbatim' on input line 46.
LaTeX Info: Redefining \microtypesetup on input line 46.
Package microtype Info: Generating PDF output.
Package microtype Info: Character protrusion enabled (level 2).
Package microtype Info: Using default protrusion set `alltext'.
Package microtype Info: Automatic font expansion enabled (level 2),
(microtype)             stretch: 20, shrink: 20, step: 1, non-selected.
Package microtype Info: Using default expansion set `alltext-nott'.
Package microtype Info: Patching command `\showhyphens'.
Package microtype Info: No adjustment of tracking.
Package microtype Info: No adjustment of interword spacing.
Package microtype Info: No adjustment of character kerning.

(C:\Users\sdagn\AppData\Local\Programs\MiKTeX\tex/latex/microtype\mt-cmr.cfg
File: mt-cmr.cfg 2013/05/19 v2.2 microtype config. file: Computer Modern Roman 
(RS)
)
LaTeX Font Info:    Calculating math sizes for size <12.045> on input line 65.
LaTeX Font Info:    Trying to load font information for OT1+lmr on input line 6
5.

(C:\Users\sdagn\AppData\Local\Programs\MiKTeX\tex/latex/lm\ot1lmr.fd
File: ot1lmr.fd 2015/05/01 v1.6.1 Font defs for Latin Modern
)
LaTeX Font Info:    Trying to load font information for OML+lmm on input line 6
5.

(C:\Users\sdagn\AppData\Local\Programs\MiKTeX\tex/latex/lm\omllmm.fd
File: omllmm.fd 2015/05/01 v1.6.1 Font defs for Latin Modern
)
LaTeX Font Info:    Trying to load font information for OMS+lmsy on input line 
65.

(C:\Users\sdagn\AppData\Local\Programs\MiKTeX\tex/latex/lm\omslmsy.fd
File: omslmsy.fd 2015/05/01 v1.6.1 Font defs for Latin Modern
)
LaTeX Font Info:    Trying to load font information for OMX+lmex on input line 
65.

(C:\Users\sdagn\AppData\Local\Programs\MiKTeX\tex/latex/lm\omxlmex.fd
File: omxlmex.fd 2015/05/01 v1.6.1 Font defs for Latin Modern
)
LaTeX Font Info:    External font `lmex10' loaded for size
(Font)              <12.045> on input line 65.
LaTeX Font Info:    External font `lmex10' loaded for size
(Font)              <8.43146> on input line 65.
LaTeX Font Info:    External font `lmex10' loaded for size
(Font)              <6.02249> on input line 65.
LaTeX Font Info:    Trying to load font information for U+msa on input line 65.


(C:\Users\sdagn\AppData\Local\Programs\MiKTeX\tex/latex/amsfonts\umsa.fd
File: umsa.fd 2013/01/14 v3.01 AMS symbols A
)
(C:\Users\sdagn\AppData\Local\Programs\MiKTeX\tex/latex/microtype\mt-msa.cfg
File: mt-msa.cfg 2006/02/04 v1.1 microtype config. file: AMS symbols (a) (RS)
)
LaTeX Font Info:    Trying to load font information for U+msb on input line 65.


(C:\Users\sdagn\AppData\Local\Programs\MiKTeX\tex/latex/amsfonts\umsb.fd
File: umsb.fd 2013/01/14 v3.01 AMS symbols B
)
(C:\Users\sdagn\AppData\Local\Programs\MiKTeX\tex/latex/microtype\mt-msb.cfg
File: mt-msb.cfg 2005/06/01 v1.0 microtype config. file: AMS symbols (b) (RS)
)
LaTeX Font Info:    Calculating math sizes for size <11.04124> on input line 65
.
LaTeX Font Info:    External font `lmex10' loaded for size
(Font)              <11.04124> on input line 65.
LaTeX Font Info:    External font `lmex10' loaded for size
(Font)              <7.72884> on input line 65.
LaTeX Font Info:    External font `lmex10' loaded for size
(Font)              <5.52061> on input line 65.

Underfull \vbox (badness 10000) has occurred while \output is active []

 [1

{C:/Users/sdagn/AppData/Local/MiKTeX/fonts/map/pdftex/pdftex.map}{C:/Users/sdag
n/AppData/Local/Programs/MiKTeX/fonts/enc/dvips/lm/lm-ec.enc}]
LaTeX Font Info:    Calculating math sizes for size <10.03749> on input line 65
.
LaTeX Font Info:    External font `lmex10' loaded for size
(Font)              <10.03749> on input line 65.
LaTeX Font Info:    External font `lmex10' loaded for size
(Font)              <7.0262> on input line 65.
LaTeX Font Info:    External font `lmex10' loaded for size
(Font)              <5.01874> on input line 65.


Package natbib Warning: Citation `bakcoleman2025actionable' on page 2 undefined
 on input line 68.


Package natbib Warning: Citation `bakcoleman2025rct' on page 2 undefined on inp
ut line 68.


Package natbib Warning: Citation `sznajdweron2024toward' on page 2 undefined on
 input line 85.


Package natbib Warning: Citation `oestereich2020hysteresis' on page 2 undefined
 on input line 85.


Package natbib Warning: Citation `nowak2020threshold' on page 2 undefined on in
put line 85.


Package natbib Warning: Citation `macy2021polarization' on page 2 undefined on 
input line 85.


Package natbib Warning: Citation `su2017contagion' on page 2 undefined on input
 line 85.


Package natbib Warning: Citation `chen2019vaccine' on page 2 undefined on input
 line 85.


Package natbib Warning: Citation `graham2020sociology' on page 2 undefined on i
nput line 85.


Package natbib Warning: Citation `maia2021adaptive' on page 2 undefined on inpu
t line 85.


Package natbib Warning: Citation `asikainen2020cumulative' on page 2 undefined 
on input line 85.


Package natbib Warning: Citation `zeng2015mutual' on page 2 undefined on input 
line 85.


Package natbib Warning: Citation `chan2026brake' on page 2 undefined on input l
ine 85.


Package natbib Warning: Citation `davidson2026closedloop' on page 2 undefined o
n input line 85.


Package natbib Warning: Citation `depasquale2026control' on page 2 undefined on
 input line 85.


Package natbib Warning: Citation `mariano2026optimal' on page 2 undefined on in
put line 85.


Package natbib Warning: Citation `mariano2026pathological' on page 2 undefined 
on input line 85.


Underfull \vbox (badness 10000) has occurred while \output is active []

 [2{C:/Users/sdagn/AppData/Local/Programs/MiKTeX/fonts/enc/dvips/lm/lm-mathit.e
nc}{C:/Users/sdagn/AppData/Local/Programs/MiKTeX/fonts/enc/dvips/lm/lm-rm.enc}{
C:/Users/sdagn/AppData/Local/Programs/MiKTeX/fonts/enc/dvips/lm/lm-mathsy.enc}]


Package natbib Warning: Citation `gauthier2026x' on page 3 undefined on input l
ine 89.


LaTeX Warning: Reference `eq:principle' on page 3 undefined on input line 89.


Package natbib Warning: Citation `guess2023feeds' on page 3 undefined on input 
line 89.


Package natbib Warning: Citation `nyhan2023likeminded' on page 3 undefined on i
nput line 89.


Package natbib Warning: Citation `gonzalez2023segregation' on page 3 undefined 
on input line 89.


Package natbib Warning: Citation `guess2023reshares' on page 3 undefined on inp
ut line 89.


LaTeX Warning: Reference `lem:finite-record-equivalence' on page 3 undefined on
 input line 91.


LaTeX Warning: Reference `prop:stochastic-rate-separation' on page 3 undefined 
on input line 91.


Package natbib Warning: Citation `sznajdweron2024toward' on page 3 undefined on
 input line 97.


Package natbib Warning: Citation `nowak2020threshold' on page 3 undefined on in
put line 97.


Package natbib Warning: Citation `oestereich2020hysteresis' on page 3 undefined
 on input line 97.


Package natbib Warning: Citation `macy2021polarization' on page 3 undefined on 
input line 97.


Package natbib Warning: Citation `su2017contagion' on page 3 undefined on input
 line 97.


Package natbib Warning: Citation `centola2018tipping' on page 3 undefined on in
put line 97.


Package natbib Warning: Citation `scheffer2009warning' on page 3 undefined on i
nput line 97.


Package natbib Warning: Citation `wiedermann2020threshold' on page 3 undefined 
on input line 97.


Package natbib Warning: Citation `kaminska2025cognitive' on page 3 undefined on
 input line 99.


Package natbib Warning: Citation `cruzcastillo2026spiral' on page 3 undefined o
n input line 99.


Underfull \vbox (badness 10000) has occurred while \output is active []

 [3]

Package natbib Warning: Citation `gross2008adaptive' on page 4 undefined on inp
ut line 103.


Package natbib Warning: Citation `holme2006nonequilibrium' on page 4 undefined 
on input line 103.


Package natbib Warning: Citation `kozma2008consensus' on page 4 undefined on in
put line 103.


Package natbib Warning: Citation `gil2006coevolution' on page 4 undefined on in
put line 103.


Package natbib Warning: Citation `vazquez2008adaptive' on page 4 undefined on i
nput line 103.


Package natbib Warning: Citation `kan2023adaptive' on page 4 undefined on input
 line 103.


Package natbib Warning: Citation `li2025adaptive' on page 4 undefined on input 
line 103.


Package natbib Warning: Citation `asikainen2020cumulative' on page 4 undefined 
on input line 103.


Package natbib Warning: Citation `deffuant2000mixing' on page 4 undefined on in
put line 103.


Package natbib Warning: Citation `castellano2009statistical' on page 4 undefine
d on input line 103.


Package natbib Warning: Citation `dandekar2013assimilation' on page 4 undefined
 on input line 103.


Package natbib Warning: Citation `sasahara2021unfollowing' on page 4 undefined 
on input line 103.


Package natbib Warning: Citation `wang2020public' on page 4 undefined on input 
line 103.


Package natbib Warning: Citation `cinelli2021echo' on page 4 undefined on input
 line 103.


Package natbib Warning: Citation `baumann2020echo' on page 4 undefined on input
 line 103.


Package natbib Warning: Citation `baumann2021topics' on page 4 undefined on inp
ut line 103.


Package natbib Warning: Citation `thurner2025interactions' on page 4 undefined 
on input line 103.


Package natbib Warning: Citation `preisach1935magnetic' on page 4 undefined on 
input line 109.


Package natbib Warning: Citation `macki1993mathematical' on page 4 undefined on
 input line 109.


Package natbib Warning: Citation `hassani2014survey' on page 4 undefined on inp
ut line 109.


Package natbib Warning: Citation `oh2005duhem' on page 4 undefined on input lin
e 109.


Package natbib Warning: Citation `sethna1993hierarchies' on page 4 undefined on
 input line 109.


Package natbib Warning: Citation `mungan2019returnpoint' on page 4 undefined on
 input line 109.


Package natbib Warning: Citation `krejci2001inverse' on page 4 undefined on inp
ut line 109.


Package natbib Warning: Citation `ikhouane2007systems' on page 4 undefined on i
nput line 109.


Package natbib Warning: Citation `perra2019personalisation' on page 4 undefined
 on input line 115.


Package natbib Warning: Citation `sirbu2019bias' on page 4 undefined on input l
ine 115.


Package natbib Warning: Citation `arruda2022algorithms' on page 4 undefined on 
input line 115.


Package natbib Warning: Citation `peralta2020asymmetry' on page 4 undefined on 
input line 115.


Package natbib Warning: Citation `valensise2023drivers' on page 4 undefined on 
input line 115.


Package natbib Warning: Citation `donkers2024desounding' on page 4 undefined on
 input line 115.


Package natbib Warning: Citation `rossi2018closedloop' on page 4 undefined on i
nput line 115.


Package natbib Warning: Citation `davidson2026closedloop' on page 4 undefined o
n input line 115.


Package natbib Warning: Citation `gezha2026control' on page 4 undefined on inpu
t line 115.


Package natbib Warning: Citation `oliveira2026interplay' on page 4 undefined on
 input line 115.


Package natbib Warning: Citation `depasquale2026control' on page 4 undefined on
 input line 115.


Package natbib Warning: Citation `mariano2026optimal' on page 4 undefined on in
put line 115.


Package natbib Warning: Citation `mariano2026pathological' on page 4 undefined 
on input line 115.


Package natbib Warning: Citation `cinus2022people' on page 4 undefined on input
 line 115.


Underfull \vbox (badness 10000) has occurred while \output is active []

 [4]

Package natbib Warning: Citation `chaney2018confounding' on page 5 undefined on
 input line 117.


Package natbib Warning: Citation `mansoury2020feedback' on page 5 undefined on 
input line 117.


Package natbib Warning: Citation `kalimeris2021amplification' on page 5 undefin
ed on input line 117.


Package natbib Warning: Citation `zhao2013longterm' on page 5 undefined on inpu
t line 117.


Package natbib Warning: Citation `su2016network' on page 5 undefined on input l
ine 117.


Package natbib Warning: Citation `coppolillo2025drift' on page 5 undefined on i
nput line 117.


Package natbib Warning: Citation `chandrasekaran2026networkaware' on page 5 und
efined on input line 117.


Package natbib Warning: Citation `moller2018diversity' on page 5 undefined on i
nput line 117.


Package natbib Warning: Citation `fabbri2022minorities' on page 5 undefined on 
input line 117.


Package natbib Warning: Citation `frey2010connections' on page 5 undefined on i
nput line 117.


Package natbib Warning: Citation `jadidinejad2020exploration' on page 5 undefin
ed on input line 117.


Package natbib Warning: Citation `krauth2025causal' on page 5 undefined on inpu
t line 117.


Package natbib Warning: Citation `sinha2016deconvolving' on page 5 undefined on
 input line 117.


Package natbib Warning: Citation `jannach2020mcnamara' on page 5 undefined on i
nput line 117.


Package natbib Warning: Citation `ge2020ecommerce' on page 5 undefined on input
 line 117.


Package natbib Warning: Citation `zoralioglu2026dynamic' on page 5 undefined on
 input line 117.


Package natbib Warning: Citation `bakcoleman2025actionable' on page 5 undefined
 on input line 119.


Package natbib Warning: Citation `zeng2015mutual' on page 5 undefined on input 
line 119.


Package natbib Warning: Citation `chan2026brake' on page 5 undefined on input l
ine 119.


LaTeX Warning: Reference `tab:closest' on page 5 undefined on input line 119.


Underfull \hbox (badness 1803) in paragraph at lines 146--146
[]|\T1/lmr/m/n/7 (+20) Bak-Coleman et al.
 []


Underfull \hbox (badness 10000) in paragraph at lines 146--146
[]|\T1/lmr/m/n/7 (+20) Asikainen et al.
 []


Underfull \hbox (badness 10000) in paragraph at lines 146--146
[]|\T1/lmr/m/n/7 (+20) Davidson--Ye; De
 []


Underfull \hbox (badness 10000) in paragraph at lines 146--146
\T1/lmr/m/n/7 (+20) Pasquale et al.;
 []


Underfull \hbox (badness 10000) in paragraph at lines 146--146
\T1/lmr/m/n/7 (+20) Mariano--Frasca
 []


Package natbib Warning: Citation `huszar2022amplification' on page 5 undefined 
on input line 151.


Package natbib Warning: Citation `bakshy2015exposure' on page 5 undefined on in
put line 151.


Package natbib Warning: Citation `flaxman2016bubbles' on page 5 undefined on in
put line 151.


Package natbib Warning: Citation `bandy2021twitter' on page 5 undefined on inpu
t line 151.


Package natbib Warning: Citation `ibrahim2026tiktok' on page 5 undefined on inp
ut line 151.


Package natbib Warning: Citation `hosseinmardi2024youtube' on page 5 undefined 
on input line 151.


Package natbib Warning: Citation `cho2020search' on page 5 undefined on input l
ine 153.


Package natbib Warning: Citation `neumann2023curation' on page 5 undefined on i
nput line 153.


Package natbib Warning: Citation `bail2018opposing' on page 5 undefined on inpu
t line 153.


Package natbib Warning: Citation `piccardi2025reranking' on page 5 undefined on
 input line 153.


Package natbib Warning: Citation `brady2026norms' on page 5 undefined on input 
line 153.


Package natbib Warning: Citation `guess2023feeds' on page 5 undefined on input 
line 153.


Package natbib Warning: Citation `nyhan2023likeminded' on page 5 undefined on i
nput line 153.


Package natbib Warning: Citation `guess2023reshares' on page 5 undefined on inp
ut line 153.


Package natbib Warning: Citation `muchnik2013influence' on page 5 undefined on 
input line 153.


Package natbib Warning: Citation `bond2012mobilization' on page 5 undefined on 
input line 153.


Package natbib Warning: Citation `allcott2024deactivation' on page 5 undefined 
on input line 153.


Package natbib Warning: Citation `kubin2021review' on page 5 undefined on input
 line 155.


Package natbib Warning: Citation `vanbavel2021shapes' on page 5 undefined on in
put line 155.


Package natbib Warning: Citation `hartmann2025review' on page 5 undefined on in
put line 155.


Package natbib Warning: Citation `mahmoudi2024review' on page 5 undefined on in
put line 155.


Package natbib Warning: Citation `gao2024causal' on page 5 undefined on input l
ine 155.


Package natbib Warning: Citation `ge2024trustworthy' on page 5 undefined on inp
ut line 155.


Package natbib Warning: Citation `aridor2024economics' on page 5 undefined on i
nput line 155.


Package natbib Warning: Citation `noorazar2020survey' on page 5 undefined on in
put line 155.


Underfull \vbox (badness 10000) has occurred while \output is active []

 [5]
Underfull \vbox (badness 10000) has occurred while \output is active []

 [6]

LaTeX Warning: Reference `eq:full-history-po' on page 7 undefined on input line
 178.

LaTeX Font Info:    Trying to load font information for U+euf on input line 195
.
(C:\Users\sdagn\AppData\Local\Programs\MiKTeX\tex/latex/amsfonts\ueuf.fd
File: ueuf.fd 2013/01/14 v3.01 Euler Fraktur
)
(C:\Users\sdagn\AppData\Local\Programs\MiKTeX\tex/latex/microtype\mt-euf.cfg
File: mt-euf.cfg 2006/07/03 v1.1 microtype config. file: AMS Euler Fraktur (RS)

)
Underfull \vbox (badness 10000) has occurred while \output is active []

 [7{C:/Users/sdagn/AppData/Local/Programs/MiKTeX/fonts/enc/dvips/lm/lm-mathex.e
nc}]
<../figures/fig1_memory_ledger.pdf, id=76, 513.11702pt x 314.37451pt>
File: ../figures/fig1_memory_ledger.pdf Graphic file (type pdf)
<use ../figures/fig1_memory_ledger.pdf>
Package pdftex.def Info: ../figures/fig1_memory_ledger.pdf  used on input line 
207.
(pdftex.def)             Requested size: 372.0pt x 227.92287pt.
LaTeX Font Info:    External font `lmex10' loaded for size
(Font)              <8> on input line 208.
LaTeX Font Info:    External font `lmex10' loaded for size
(Font)              <6> on input line 208.

Underfull \vbox (badness 10000) has occurred while \output is active []

 [8 <../figures/fig1_memory_ledger.pdf>]
LaTeX Font Info:    Trying to load font information for OT1+lmss on input line 
232.

(C:\Users\sdagn\AppData\Local\Programs\MiKTeX\tex/latex/lm\ot1lmss.fd
File: ot1lmss.fd 2015/05/01 v1.6.1 Font defs for Latin Modern
)
Package microtype Info: Loading generic protrusion settings for font family
(microtype)             `lmss' (encoding: OT1).
(microtype)             For optimal results, create family-specific settings.
(microtype)             See the microtype manual for details.

Underfull \vbox (badness 10000) has occurred while \output is active []

 [9]

LaTeX Warning: Reference `eq:step-recursion' on page 10 undefined on input line
 280.


Underfull \vbox (badness 10000) has occurred while \output is active []

 [10]

LaTeX Warning: Reference `eq:continuous-bound' on page 11 undefined on input li
ne 298.


Underfull \hbox (badness 1394) in paragraph at lines 338--338
\T1/lmr/m/n/9 (+20) his-to-ries at matched
 []


Underfull \hbox (badness 4242) in paragraph at lines 338--338
[]|\T1/lmr/m/n/9 (+20) Multiple ran-dom-ized
 []


Underfull \hbox (badness 10000) in paragraph at lines 338--338
[]|\T1/lmr/m/n/9 (+20) Verified ran-dom-ized
 []


Underfull \vbox (badness 10000) has occurred while \output is active []

 [11]
Underfull \vbox (badness 10000) has occurred while \output is active []

 [12]
Underfull \vbox (badness 10000) has occurred while \output is active []

 [13]
Underfull \hbox (badness 10000) in paragraph at lines 441--441
[]|\T1/lmr/m/n/9 (+20) Candidate-
 []


Underfull \hbox (badness 10000) in paragraph at lines 441--441
\T1/lmr/m/n/9 (+20) standardized
 []


Underfull \hbox (badness 10000) in paragraph at lines 441--441
[]|\T1/lmr/m/n/9 (+20) Reset-sensitive
 []


Underfull \hbox (badness 10000) in paragraph at lines 441--441
[]|\T1/lmr/m/n/9 (+20) Channel-
 []


Underfull \hbox (badness 10000) in paragraph at lines 441--441
\T1/lmr/m/n/9 (+20) attributable
 []

<../figures/fig2_causal_dag.pdf, id=153, 513.11702pt x 303.534pt>
File: ../figures/fig2_causal_dag.pdf Graphic file (type pdf)
<use ../figures/fig2_causal_dag.pdf>
Package pdftex.def Info: ../figures/fig2_causal_dag.pdf  used on input line 446
.
(pdftex.def)             Requested size: 372.0pt x 220.06345pt.

Underfull \vbox (badness 10000) has occurred while \output is active []

 [14]

LaTeX Warning: Reference `eq:scm-candidates' on page 15 undefined on input line
 456.


LaTeX Warning: Reference `eq:scm' on page 15 undefined on input line 456.


Underfull \vbox (badness 10000) has occurred while \output is active []

 [15 <../figures/fig2_causal_dag.pdf>]
LaTeX Font Info:    Trying to load font information for TS1+lmr on input line 4
87.

(C:\Users\sdagn\AppData\Local\Programs\MiKTeX\tex/latex/lm\ts1lmr.fd
File: ts1lmr.fd 2015/05/01 v1.6.1 Font defs for Latin Modern
)
Underfull \vbox (badness 10000) has occurred while \output is active []

 [16{C:/Users/sdagn/AppData/Local/Programs/MiKTeX/fonts/enc/dvips/lm/lm-ts1.enc
}]

LaTeX Warning: Reference `eq:g' on page 17 undefined on input line 502.


LaTeX Warning: Reference `eq:m' on page 17 undefined on input line 502.


LaTeX Warning: Reference `eq:c' on page 17 undefined on input line 502.


LaTeX Warning: Reference `eq:g' on page 17 undefined on input line 506.


LaTeX Warning: Reference `eq:c' on page 17 undefined on input line 506.


Underfull \hbox (badness 10000) in paragraph at lines 527--527
[]|\T1/lmr/m/n/9 (+20) current col-lec-tive
 []


Underfull \vbox (badness 10000) has occurred while \output is active []

 [17]

LaTeX Warning: Reference `eq:bistability' on page 18 undefined on input line 55
4.


LaTeX Warning: Reference `eq:g' on page 18 undefined on input line 560.


LaTeX Warning: Reference `eq:c' on page 18 undefined on input line 560.


LaTeX Warning: Reference `eq:g' on page 18 undefined on input line 560.


LaTeX Warning: Reference `prop:stochastic-rate-separation' on page 18 undefined
 on input line 562.


LaTeX Warning: Reference `eq:continuous-bound' on page 18 undefined on input li
ne 562.


Underfull \vbox (badness 10000) has occurred while \output is active []

 [18]

LaTeX Warning: Reference `fig:loop' on page 19 undefined on input line 606.


Underfull \vbox (badness 10000) has occurred while \output is active []

 [19]

LaTeX Warning: Reference `fig:loop' on page 20 undefined on input line 608.

<../figures/fig2_closed_loop.pdf, id=219, 513.11702pt x 321.6015pt>
File: ../figures/fig2_closed_loop.pdf Graphic file (type pdf)
<use ../figures/fig2_closed_loop.pdf>
Package pdftex.def Info: ../figures/fig2_closed_loop.pdf  used on input line 61
2.
(pdftex.def)             Requested size: 372.0pt x 233.16248pt.

LaTeX Warning: Reference `fig:diagnostics' on page 20 undefined on input line 6
20.


Underfull \vbox (badness 10000) has occurred while \output is active []

 [20 <../figures/fig2_closed_loop.pdf>]

LaTeX Warning: Reference `fig:diagnostics' on page 21 undefined on input line 6
34.


LaTeX Warning: Reference `eq:minimum-reversal-bundle' on page 21 undefined on i
nput line 634.


LaTeX Warning: Reference `eq:mobius' on page 21 undefined on input line 636.

<../figures/fig3_rate_ablation.pdf, id=236, 513.11702pt x 321.6015pt>
File: ../figures/fig3_rate_ablation.pdf Graphic file (type pdf)
<use ../figures/fig3_rate_ablation.pdf>
Package pdftex.def Info: ../figures/fig3_rate_ablation.pdf  used on input line 
640.
(pdftex.def)             Requested size: 372.0pt x 233.16248pt.

LaTeX Warning: Reference `fig:stress' on page 21 undefined on input line 648.


Underfull \vbox (badness 10000) has occurred while \output is active []

 [21]

LaTeX Warning: Reference `eq:g' on page 22 undefined on input line 657.


LaTeX Warning: Reference `tab:model-i-regime-parameters' on page 22 undefined o
n input line 657.

LaTeX Font Info:    Calculating math sizes for size <8.03> on input line 664.
LaTeX Font Info:    External font `lmex10' loaded for size
(Font)              <8.03> on input line 664.
LaTeX Font Info:    External font `lmex10' loaded for size
(Font)              <5.62097> on input line 664.
LaTeX Font Info:    External font `lmex10' loaded for size
(Font)              <4.015> on input line 664.

LaTeX Warning: Reference `fig:stress' on page 22 undefined on input line 678.


Underfull \hbox (badness 10000) in paragraph at lines 678--678
[]|\T1/lmr/bx/n/9 (+20) Full-system
 []


Underfull \hbox (badness 10000) in paragraph at lines 678--678
[]|\T1/lmr/bx/n/9 (+20) Sampled mul-ti-
 []


Underfull \vbox (badness 10000) has occurred while \output is active []

 [22 <../figures/fig3_rate_ablation.pdf>]
<../figures/fig5_bifurcation.pdf, id=260, 513.11702pt x 227.6505pt>
File: ../figures/fig5_bifurcation.pdf Graphic file (type pdf)
<use ../figures/fig5_bifurcation.pdf>
Package pdftex.def Info: ../figures/fig5_bifurcation.pdf  used on input line 68
5.
(pdftex.def)             Requested size: 372.0pt x 165.04758pt.

Underfull \vbox (badness 10000) has occurred while \output is active []

 [23]
<../figures/fig4_sensitivity.pdf, id=266, 513.11702pt x 386.64452pt>
File: ../figures/fig4_sensitivity.pdf Graphic file (type pdf)
<use ../figures/fig4_sensitivity.pdf>
Package pdftex.def Info: ../figures/fig4_sensitivity.pdf  used on input line 69
7.
(pdftex.def)             Requested size: 372.0pt x 280.31894pt.


LaTeX Warning: Reference `tab:full-classification' on page 24 undefined on inpu
t line 698.


Underfull \vbox (badness 10000) has occurred while \output is active []

 [24 <../figures/fig5_bifurcation.pdf>]
Underfull \vbox (badness 10000) has occurred while \output is active []

 [25 <../figures/fig4_sensitivity.pdf>]

LaTeX Warning: Reference `eq:rewiring-intensity' on page 26 undefined on input 
line 735.


Underfull \vbox (badness 10000) has occurred while \output is active []

 [26]

LaTeX Warning: Reference `eq:bridge-drift' on page 27 undefined on input line 7
78.


LaTeX Warning: Reference `eq:reverse-budget' on page 27 undefined on input line
 778.


LaTeX Warning: Reference `eq:ideal-mean-repair-time' on page 27 undefined on in
put line 778.


Underfull \hbox (badness 2409) in paragraph at lines 836--836
[]|\T1/lmr/m/n/9 (+20) Initial cross-edge
 []


Underfull \hbox (badness 10000) in paragraph at lines 836--836
[]|\T1/lmr/m/n/9 (+20) Camp con-struc-
 []


Underfull \hbox (badness 10000) in paragraph at lines 836--836
[]|\T1/lmr/m/n/9 (+20) balanced
 []


Underfull \hbox (badness 1264) in paragraph at lines 836--836
[]|\T1/lmr/m/n/9 (+20) Pre-burn-in opin-
 []


Underfull \hbox (badness 10000) in paragraph at lines 836--836
[]|$\OT1/lmr/m/n/9 (+20) 30$ \T1/lmr/m/n/9 (+20) or $\OT1/lmr/m/n/9 (+20) 120$
 []


Underfull \hbox (badness 10000) in paragraph at lines 836--836
[]|$\OT1/lmr/m/n/9 (+20) (0\OML/lmm/m/it/9 ; \OT1/lmr/m/n/9 (+20) 0)$\T1/lmr/m/
n/9 (+20) ;
 []


Underfull \hbox (badness 10000) in paragraph at lines 836--836
\OT1/lmr/m/n/9 (+20) (\OML/lmm/m/it/9 :\OT1/lmr/m/n/9 (+20) 010\OML/lmm/m/it/9 
; :\OT1/lmr/m/n/9 (+20) 020)$\T1/lmr/m/n/9 (+20) ;
 []


Underfull \hbox (badness 10000) in paragraph at lines 836--836
\OT1/lmr/m/n/9 (+20) (\OML/lmm/m/it/9 :\OT1/lmr/m/n/9 (+20) 010\OML/lmm/m/it/9 
; :\OT1/lmr/m/n/9 (+20) 0025)$\T1/lmr/m/n/9 (+20) ;
 []


Underfull \hbox (badness 10000) in paragraph at lines 836--836
[]|\T1/lmr/m/n/9 (+20) Opinion inno-va-
 []


LaTeX Warning: Reference `tab:model-ii-parameters' on page 27 undefined on inpu
t line 839.


Underfull \vbox (badness 10000) has occurred while \output is active []

 [27]

LaTeX Warning: Reference `fig:bridge-validation' on page 28 undefined on input 
line 857.

<../figures/fig6_adaptive_network.pdf, id=316, 513.11702pt x 375.804pt>
File: ../figures/fig6_adaptive_network.pdf Graphic file (type pdf)
<use ../figures/fig6_adaptive_network.pdf>
Package pdftex.def Info: ../figures/fig6_adaptive_network.pdf  used on input li
ne 861.
(pdftex.def)             Requested size: 372.0pt x 272.45952pt.
<../figures/fig8_bridge_validation.pdf, id=317, 513.11702pt x 220.42351pt>
File: ../figures/fig8_bridge_validation.pdf Graphic file (type pdf)
<use ../figures/fig8_bridge_validation.pdf>
Package pdftex.def Info: ../figures/fig8_bridge_validation.pdf  used on input l
ine 869.
(pdftex.def)             Requested size: 372.0pt x 159.80798pt.

LaTeX Warning: Reference `prop:bridge-drift' on page 28 undefined on input line
 870.


Underfull \vbox (badness 10000) has occurred while \output is active []

 [28]
Underfull \vbox (badness 10000) has occurred while \output is active []

 [29]
Underfull \vbox (badness 10000) has occurred while \output is active []

 [30 <../figures/fig6_adaptive_network.pdf>]
Underfull \vbox (badness 10000) has occurred while \output is active []

 [31 <../figures/fig8_bridge_validation.pdf>]

LaTeX Warning: Reference `eq:total-system-effect' on page 32 undefined on input
 line 887.


Package natbib Warning: Citation `hudgens2008interference' on page 32 undefined
 on input line 889.


Package natbib Warning: Citation `aronow2017interference' on page 32 undefined 
on input line 889.


Package natbib Warning: Citation `liu2026saturation' on page 32 undefined on in
put line 889.


LaTeX Warning: Reference `fig:design' on page 32 undefined on input line 893.


Underfull \vbox (badness 10000) has occurred while \output is active []

 [32

]

Package natbib Warning: Citation `bojinov2023switchback' on page 33 undefined o
n input line 895.


Package natbib Warning: Citation `wang2024carryover' on page 33 undefined on in
put line 895.


Package natbib Warning: Citation `sun2025dynamic' on page 33 undefined on input
 line 895.

<../figures/fig5_experimental_design.pdf, id=370, 513.11702pt x 364.9635pt>
File: ../figures/fig5_experimental_design.pdf Graphic file (type pdf)
<use ../figures/fig5_experimental_design.pdf>
Package pdftex.def Info: ../figures/fig5_experimental_design.pdf  used on input
 line 899.
(pdftex.def)             Requested size: 372.0pt x 264.60011pt.

Package natbib Warning: Citation `guess2023feeds' on page 33 undefined on input
 line 915.


Package natbib Warning: Citation `nyhan2023likeminded' on page 33 undefined on 
input line 915.


Package natbib Warning: Citation `gonzalez2023segregation' on page 33 undefined
 on input line 915.


Package natbib Warning: Citation `gauthier2026x' on page 33 undefined on input 
line 915.


Package natbib Warning: Citation `wu2021randomization' on page 33 undefined on 
input line 919.


Underfull \vbox (badness 10000) has occurred while \output is active []

 [33]
Underfull \vbox (badness 10000) has occurred while \output is active []

 [34 <../figures/fig5_experimental_design.pdf>]

LaTeX Warning: Reference `eq:lag-envelope' on page 35 undefined on input line 9
30.


Package natbib Warning: Citation `athey2019forests' on page 35 undefined on inp
ut line 932.


LaTeX Warning: Reference `app:power-dgp' on page 35 undefined on input line 938
.


Underfull \vbox (badness 10000) has occurred while \output is active []

 [35]
Underfull \vbox (badness 10000) has occurred while \output is active []

 [36]

Package natbib Warning: Citation `bail2018opposing' on page 37 undefined on inp
ut line 974.


Package natbib Warning: Citation `brady2026norms' on page 37 undefined on input
 line 974.


Package natbib Warning: Citation `gauthier2026x' on page 37 undefined on input 
line 978.


Underfull \vbox (badness 10000) has occurred while \output is active []

 [37]

LaTeX Warning: Reference `lem:finite-record-equivalence' on page 38 undefined o
n input line 980.


LaTeX Warning: Reference `prop:stochastic-rate-separation' on page 38 undefined
 on input line 980.


LaTeX Warning: Reference `prop:reset-separation' on page 38 undefined on input 
line 980.


LaTeX Warning: Reference `prop:bridge-drift' on page 38 undefined on input line
 990.


Underfull \vbox (badness 10000) has occurred while \output is active []

 [38]
Underfull \vbox (badness 10000) has occurred while \output is active []

 [39]

LaTeX Warning: Reference `lem:finite-record-equivalence' on page 40 undefined o
n input line 1029.


Underfull \vbox (badness 10000) has occurred while \output is active []

 [40]

LaTeX Warning: Reference `prop:stochastic-rate-separation' on page 41 undefined
 on input line 1042.


LaTeX Warning: Reference `eq:step-branch-bound' on page 41 undefined on input l
ine 1051.


LaTeX Warning: Reference `eq:step-uniform-bound' on page 41 undefined on input 
line 1051.


LaTeX Warning: Reference `eq:continuous-bound' on page 41 undefined on input li
ne 1058.


LaTeX Warning: Reference `prop:reset-separation' on page 41 undefined on input 
line 1060.


LaTeX Warning: Reference `eq:reset-separation' on page 41 undefined on input li
ne 1060.


Underfull \vbox (badness 10000) has occurred while \output is active []

 [41]

LaTeX Warning: Reference `eq:g' on page 42 undefined on input line 1068.


Underfull \vbox (badness 10000) has occurred while \output is active []

 [42]

LaTeX Warning: Reference `eq:network-opinion' on page 43 undefined on input lin
e 1126.


LaTeX Warning: Reference `eq:rewiring-intensity' on page 43 undefined on input 
line 1127.


Underfull \vbox (badness 10000) has occurred while \output is active []

 [43]
Underfull \vbox (badness 10000) has occurred while \output is active []

 [44]
Underfull \hbox (badness 10000) in paragraph at lines 1210--1210
[]|\T1/lmr/m/n/9 (+20) Structural/intervention
 []


Underfull \hbox (badness 10000) in paragraph at lines 1210--1210
[]|\T1/lmr/m/n/9 (+20) Machine-readable sum-
 []


Underfull \vbox (badness 10000) has occurred while \output is active []

 [45]
Underfull \hbox (badness 1430) in paragraph at lines 1216--1217
[]\T1/lmr/m/n/10.03749 (+20) Exact imple-men-ta-tion of $\OML/lmm/m/it/10.03749
 $\T1/lmr/m/n/10.03749 (+20) , the candidate-generation rule, the candidate-
 []


Underfull \vbox (badness 10000) has occurred while \output is active []

 [46]

LaTeX Warning: Reference `fig:design' on page 47 undefined on input line 1229.


Underfull \vbox (badness 10000) has occurred while \output is active []

 [47]

LaTeX Warning: Reference `fig:design' on page 48 undefined on input line 1259.


Package natbib Warning: Citation `wu2021randomization' on page 48 undefined on 
input line 1259.

(references.tex
Underfull \vbox (badness 10000) has occurred while \output is active []

 [48]
Underfull \vbox (badness 10000) has occurred while \output is active []

 [49]
Underfull \vbox (badness 10000) has occurred while \output is active []

 [50]
Underfull \vbox (badness 10000) has occurred while \output is active []

 [51]
Underfull \vbox (badness 10000) has occurred while \output is active []

 [52]
Underfull \vbox (badness 10000) has occurred while \output is active []

 [53]
Underfull \vbox (badness 10000) has occurred while \output is active []

 [54]
Underfull \vbox (badness 10000) has occurred while \output is active []

 [55]
Underfull \vbox (badness 10000) has occurred while \output is active []

 [56]
Underfull \vbox (badness 10000) has occurred while \output is active []

 [57]
Underfull \vbox (badness 10000) has occurred while \output is active []

 [58])

Package natbib Warning: There were undefined citations.


Underfull \vbox (badness 10000) has occurred while \output is active []

 [59]
(main.aux

Package natbib Warning: Citation(s) may have changed.
(natbib)                Rerun to get citations correct.

)
 ***********
LaTeX2e <2025-11-01>
L3 programming layer <2025-12-24>
 ***********


LaTeX Warning: There were undefined references.


LaTeX Warning: Label(s) may have changed. Rerun to get cross-references right.


Package rerunfilecheck Warning: File `main.out' has changed.
(rerunfilecheck)                Rerun to get outlines right
(rerunfilecheck)                or use package `bookmark'.

Package rerunfilecheck Info: Checksums for `main.out':
(rerunfilecheck)             Before: <no file>
(rerunfilecheck)             After:  3DF40089EA4EA7116C4E6B5F0F38AB6C;11312.
 ) 
Here is how much of TeX's memory you used:
 16501 strings out of 467871
 265123 string characters out of 5418377
 708134 words of memory out of 5000000
 44165 multiletter control sequences out of 15000+600000
 872187 words of font info for 502 fonts, out of 8000000 for 9000
 1151 hyphenation exceptions out of 8191
 90i,15n,93p,2249b,802s stack positions out of 10000i,1000n,20000p,200000b,200000s
<C:/Users/sdagn/AppData/Local/Programs/MiKTeX/fonts/type1/public/amsfonts/eul
er/eufm10.pfb><C:/Users/sdagn/AppData/Local/Programs/MiKTeX/fonts/type1/public/
lm/lmbx10.pfb><C:/Users/sdagn/AppData/Local/Programs/MiKTeX/fonts/type1/public/
lm/lmbx12.pfb><C:/Users/sdagn/AppData/Local/Programs/MiKTeX/fonts/type1/public/
lm/lmbx7.pfb><C:/Users/sdagn/AppData/Local/Programs/MiKTeX/fonts/type1/public/l
m/lmbx8.pfb><C:/Users/sdagn/AppData/Local/Programs/MiKTeX/fonts/type1/public/lm
/lmbx9.pfb><C:/Users/sdagn/AppData/Local/Programs/MiKTeX/fonts/type1/public/lm/
lmex10.pfb><C:/Users/sdagn/AppData/Local/Programs/MiKTeX/fonts/type1/public/lm/
lmmi10.pfb><C:/Users/sdagn/AppData/Local/Programs/MiKTeX/fonts/type1/public/lm/
lmmi5.pfb><C:/Users/sdagn/AppData/Local/Programs/MiKTeX/fonts/type1/public/lm/l
mmi6.pfb><C:/Users/sdagn/AppData/Local/Programs/MiKTeX/fonts/type1/public/lm/lm
mi7.pfb><C:/Users/sdagn/AppData/Local/Programs/MiKTeX/fonts/type1/public/lm/lmm
i8.pfb><C:/Users/sdagn/AppData/Local/Programs/MiKTeX/fonts/type1/public/lm/lmmi
9.pfb><C:/Users/sdagn/AppData/Local/Programs/MiKTeX/fonts/type1/public/lm/lmmib
10.pfb><C:/Users/sdagn/AppData/Local/Programs/MiKTeX/fonts/type1/public/lm/lmmi
b7.pfb><C:/Users/sdagn/AppData/Local/Programs/MiKTeX/fonts/type1/public/lm/lmr1
0.pfb><C:/Users/sdagn/AppData/Local/Programs/MiKTeX/fonts/type1/public/lm/lmr12
.pfb><C:/Users/sdagn/AppData/Local/Programs/MiKTeX/fonts/type1/public/lm/lmr17.
pfb><C:/Users/sdagn/AppData/Local/Programs/MiKTeX/fonts/type1/public/lm/lmr5.pf
b><C:/Users/sdagn/AppData/Local/Programs/MiKTeX/fonts/type1/public/lm/lmr6.pfb>
<C:/Users/sdagn/AppData/Local/Programs/MiKTeX/fonts/type1/public/lm/lmr7.pfb><C
:/Users/sdagn/AppData/Local/Programs/MiKTeX/fonts/type1/public/lm/lmr8.pfb><C:/
Users/sdagn/AppData/Local/Programs/MiKTeX/fonts/type1/public/lm/lmr9.pfb><C:/Us
ers/sdagn/AppData/Local/Programs/MiKTeX/fonts/type1/public/lm/lmri10.pfb><C:/Us
ers/sdagn/AppData/Local/Programs/MiKTeX/fonts/type1/public/lm/lmss10.pfb><C:/Us
ers/sdagn/AppData/Local/Programs/MiKTeX/fonts/type1/public/lm/lmss8.pfb><C:/Use
rs/sdagn/AppData/Local/Programs/MiKTeX/fonts/type1/public/lm/lmsy10.pfb><C:/Use
rs/sdagn/AppData/Local/Programs/MiKTeX/fonts/type1/public/lm/lmsy5.pfb><C:/User
s/sdagn/AppData/Local/Programs/MiKTeX/fonts/type1/public/lm/lmsy6.pfb><C:/Users
/sdagn/AppData/Local/Programs/MiKTeX/fonts/type1/public/lm/lmsy7.pfb><C:/Users/
sdagn/AppData/Local/Programs/MiKTeX/fonts/type1/public/lm/lmsy8.pfb><C:/Users/s
dagn/AppData/Local/Programs/MiKTeX/fonts/type1/public/lm/lmsy9.pfb><C:/Users/sd
agn/AppData/Local/Programs/MiKTeX/fonts/type1/public/amsfonts/symbols/msam10.pf
b><C:/Users/sdagn/AppData/Local/Programs/MiKTeX/fonts/type1/public/amsfonts/sym
bols/msbm10.pfb>
Output written on main.pdf (59 pages, 1378716 bytes).
PDF statistics:
 1039 PDF objects out of 1200 (max. 8388607)
 342 named destinations out of 1000 (max. 500000)
 131118 words of extra memory for PDF output out of 154059 (max. 10000000)

