\BOOKMARK [1][]{section.1}{\376\377\000I\000n\000t\000r\000o\000d\000u\000c\000t\000i\000o\000n}{}% 1
\BOOKMARK [1][]{section.2}{\376\377\000C\000l\000a\000i\000m\000\040\000b\000o\000u\000n\000d\000a\000r\000y\000\040\000a\000n\000d\000\040\000l\000i\000t\000e\000r\000a\000t\000u\000r\000e\000\040\000m\000a\000p}{}% 2
\BOOKMARK [2][]{subsection.2.1}{\376\377\000S\000o\000c\000i\000a\000l\000\040\000h\000y\000s\000t\000e\000r\000e\000s\000i\000s\000,\000\040\000t\000i\000p\000p\000i\000n\000g\000,\000\040\000a\000n\000d\000\040\000i\000r\000r\000e\000v\000e\000r\000s\000i\000b\000i\000l\000i\000t\000y}{section.2}% 3
\BOOKMARK [2][]{subsection.2.2}{\376\377\000A\000d\000a\000p\000t\000i\000v\000e\000\040\000n\000e\000t\000w\000o\000r\000k\000s\000\040\000a\000l\000r\000e\000a\000d\000y\000\040\000s\000t\000o\000r\000e\000\040\000s\000o\000c\000i\000a\000l\000\040\000h\000i\000s\000t\000o\000r\000y}{section.2}% 4
\BOOKMARK [2][]{subsection.2.3}{\376\377\000R\000e\000l\000a\000t\000i\000o\000n\000\040\000t\000o\000\040\000c\000l\000a\000s\000s\000i\000c\000a\000l\000\040\000h\000y\000s\000t\000e\000r\000e\000s\000i\000s\000\040\000i\000d\000e\000n\000t\000i\000f\000i\000c\000a\000t\000i\000o\000n\000\040\000a\000n\000d\000\040\000c\000o\000n\000t\000r\000o\000l}{section.2}% 5
\BOOKMARK [2][]{subsection.2.4}{\376\377\000A\000l\000g\000o\000r\000i\000t\000h\000m\000i\000c\000\040\000o\000p\000i\000n\000i\000o\000n\000\040\000d\000y\000n\000a\000m\000i\000c\000s\000\040\000a\000n\000d\000\040\000r\000e\000c\000o\000m\000m\000e\000n\000d\000e\000r\000\040\000f\000e\000e\000d\000b\000a\000c\000k}{section.2}% 6
\BOOKMARK [2][]{subsection.2.5}{\376\377\000E\000m\000p\000i\000r\000i\000c\000a\000l\000\040\000e\000v\000i\000d\000e\000n\000c\000e\000\040\000i\000s\000\040\000m\000i\000x\000e\000d\000\040\000f\000o\000r\000\040\000p\000r\000i\000n\000c\000i\000p\000l\000e\000d\000\040\000r\000e\000a\000s\000o\000n\000s}{section.2}% 7
\BOOKMARK [1][]{section.3}{\376\377\000D\000e\000f\000i\000n\000i\000t\000i\000o\000n\000s\000\040\000a\000n\000d\000\040\000f\000a\000l\000s\000i\000f\000i\000a\000b\000l\000e\000\040\000e\000s\000t\000i\000m\000a\000n\000d\000s}{}% 8
\BOOKMARK [1][]{section.4}{\376\377\000I\000d\000e\000n\000t\000i\000f\000i\000c\000a\000t\000i\000o\000n\000\040\000a\000n\000d\000\040\000r\000e\000v\000e\000r\000s\000a\000l\000\040\000c\000o\000n\000t\000r\000o\000l\000l\000a\000b\000i\000l\000i\000t\000y}{}% 9
\BOOKMARK [2][]{subsection.4.1}{\376\377\000W\000h\000y\000\040\000r\000e\000g\000u\000l\000a\000r\000i\000t\000y\000\040\000r\000e\000s\000t\000r\000i\000c\000t\000i\000o\000n\000s\000\040\000a\000r\000e\000\040\000n\000e\000c\000e\000s\000s\000a\000r\000y}{section.4}% 10
\BOOKMARK [2][]{subsection.4.2}{\376\377\000A\000\040\000s\000t\000o\000c\000h\000a\000s\000t\000i\000c\000\040\000r\000e\000l\000a\000x\000a\000t\000i\000o\000n\000\040\000n\000u\000l\000l\000\040\000f\000o\000r\000\040\000s\000t\000e\000p\000-\000a\000n\000d\000-\000d\000w\000e\000l\000l\000\040\000a\000n\000d\000\040\000c\000o\000n\000t\000i\000n\000u\000o\000u\000s\000\040\000r\000a\000m\000p\000s}{section.4}% 11
\BOOKMARK [2][]{subsection.4.3}{\376\377\000R\000e\000v\000e\000r\000s\000a\000l\000\040\000d\000e\000f\000i\000c\000i\000t\000\040\000a\000n\000d\000\040\000c\000o\000s\000t\000-\000c\000o\000n\000s\000t\000r\000a\000i\000n\000e\000d\000\040\000r\000e\000v\000e\000r\000s\000a\000l\000\040\000p\000o\000l\000i\000c\000i\000e\000s}{section.4}% 12
\BOOKMARK [2][]{subsection.4.4}{\376\377\000C\000a\000u\000s\000a\000l\000\040\000e\000s\000t\000i\000m\000a\000n\000d\000s\000,\000\040\000c\000a\000n\000d\000i\000d\000a\000t\000e\000\040\000e\000v\000o\000l\000u\000t\000i\000o\000n\000,\000\040\000a\000n\000d\000\040\000r\000e\000s\000e\000t\000\040\000s\000e\000p\000a\000r\000a\000t\000i\000o\000n}{section.4}% 13
\BOOKMARK [1][]{section.5}{\376\377\000M\000o\000d\000e\000l\000\040\000I\000:\000\040\000a\000\040\000t\000r\000i\000-\000r\000e\000s\000e\000r\000v\000o\000i\000r\000\040\000n\000o\000r\000m\000a\000l\000\040\000f\000o\000r\000m}{}% 14
\BOOKMARK [2][]{subsection.5.1}{\376\377\000S\000t\000a\000t\000e\000\040\000v\000a\000r\000i\000a\000b\000l\000e\000s}{section.5}% 15
\BOOKMARK [2][]{subsection.5.2}{\376\377\000F\000o\000l\000d\000\040\000c\000o\000n\000d\000i\000t\000i\000o\000n\000\040\000f\000o\000r\000\040\000t\000h\000e\000\040\000s\000e\000l\000e\000c\000t\000e\000d\000\040\000n\000o\000r\000m\000a\000l\000\040\000f\000o\000r\000m}{section.5}% 16
\BOOKMARK [2][]{subsection.5.3}{\376\377\000I\000l\000l\000u\000s\000t\000r\000a\000t\000i\000v\000e\000\040\000p\000a\000r\000a\000m\000e\000t\000e\000r\000i\000z\000a\000t\000i\000o\000n\000\040\000a\000n\000d\000\040\000n\000u\000m\000e\000r\000i\000c\000a\000l\000\040\000p\000r\000o\000t\000o\000c\000o\000l}{section.5}% 17
\BOOKMARK [1][]{section.6}{\376\377\000M\000o\000d\000e\000l\000\040\000I\000\040\000r\000e\000s\000u\000l\000t\000s\000:\000\040\000r\000e\000d\000u\000c\000e\000d\000-\000o\000r\000d\000e\000r\000\040\000m\000e\000m\000o\000r\000y}{}% 18
\BOOKMARK [2][]{subsection.6.1}{\376\377\000M\000a\000t\000c\000h\000e\000d\000\040\000c\000u\000r\000r\000e\000n\000t\000\040\000m\000e\000d\000i\000a\000t\000i\000o\000n\000,\000\040\000d\000i\000f\000f\000e\000r\000e\000n\000t\000\040\000c\000o\000l\000l\000e\000c\000t\000i\000v\000e\000\040\000s\000t\000a\000t\000e}{section.6}% 19
\BOOKMARK [2][]{subsection.6.2}{\376\377\000R\000a\000t\000e\000\040\000d\000i\000a\000g\000n\000o\000s\000t\000i\000c\000s\000\040\000r\000e\000m\000a\000i\000n\000\040\000n\000o\000n\000z\000e\000r\000o\000\040\000o\000v\000e\000r\000\040\000t\000h\000e\000\040\000t\000e\000s\000t\000e\000d\000\040\000r\000a\000n\000g\000e}{section.6}% 20
\BOOKMARK [2][]{subsection.6.3}{\376\377\000M\000e\000c\000h\000a\000n\000i\000s\000m\000\040\000a\000b\000l\000a\000t\000i\000o\000n\000\040\000i\000s\000\040\000n\000o\000t\000\040\000s\000t\000a\000t\000e\000\040\000r\000e\000s\000t\000o\000r\000a\000t\000i\000o\000n}{section.6}% 21
\BOOKMARK [2][]{subsection.6.4}{\376\377\000S\000t\000r\000u\000c\000t\000u\000r\000a\000l\000\040\000s\000t\000r\000e\000s\000s\000\040\000t\000e\000s\000t\000s\000\040\000a\000n\000d\000\040\000t\000i\000m\000e\000-\000i\000n\000d\000e\000x\000e\000d\000\040\000r\000e\000v\000e\000r\000s\000a\000l\000\040\000p\000o\000l\000i\000c\000i\000e\000s}{section.6}% 22
\BOOKMARK [1][]{section.7}{\376\377\000M\000o\000d\000e\000l\000\040\000I\000I\000:\000\040\000a\000n\000\040\000e\000x\000p\000l\000i\000c\000i\000t\000\040\000a\000d\000a\000p\000t\000i\000v\000e\000\040\000n\000e\000t\000w\000o\000r\000k}{}% 23
\BOOKMARK [1][]{section.8}{\376\377\000A\000\040\000c\000a\000u\000s\000a\000l\000\040\000e\000x\000p\000e\000r\000i\000m\000e\000n\000t\000\040\000f\000o\000r\000\040\000a\000l\000g\000o\000r\000i\000t\000h\000m\000i\000c\000a\000l\000l\000y\000\040\000m\000e\000d\000i\000a\000t\000e\000d\000\040\000s\000o\000c\000i\000a\000l\000\040\000h\000y\000s\000t\000e\000r\000e\000s\000i\000s}{}% 24
\BOOKMARK [2][]{subsection.8.1}{\376\377\000T\000w\000o\000\040\000i\000m\000p\000l\000e\000m\000e\000n\000t\000a\000t\000i\000o\000n\000\040\000t\000i\000e\000r\000s}{section.8}% 25
\BOOKMARK [2][]{subsection.8.2}{\376\377\000T\000r\000e\000a\000t\000m\000e\000n\000t\000\040\000a\000n\000d\000\040\000e\000x\000p\000e\000r\000i\000m\000e\000n\000t\000a\000l\000\040\000u\000n\000i\000t}{section.8}% 26
\BOOKMARK [2][]{subsection.8.3}{\376\377\000A\000\040\000g\000a\000t\000e\000k\000e\000p\000t\000\040\000e\000x\000p\000e\000r\000i\000m\000e\000n\000t\000a\000l\000\040\000p\000r\000o\000g\000r\000a\000m}{section.8}% 27
\BOOKMARK [2][]{subsection.8.4}{\376\377\000O\000u\000t\000c\000o\000m\000e\000s\000\040\000a\000n\000d\000\040\000m\000e\000c\000h\000a\000n\000i\000s\000m\000\040\000m\000e\000a\000s\000u\000r\000e\000m\000e\000n\000t\000s}{section.8}% 28
\BOOKMARK [2][]{subsection.8.5}{\376\377\000P\000r\000i\000m\000a\000r\000y\000\040\000a\000n\000a\000l\000y\000s\000i\000s}{section.8}% 29
\BOOKMARK [2][]{subsection.8.6}{\376\377\000S\000i\000m\000u\000l\000a\000t\000i\000o\000n\000-\000b\000a\000s\000e\000d\000\040\000f\000e\000a\000s\000i\000b\000i\000l\000i\000t\000y\000\040\000s\000c\000r\000e\000e\000n}{section.8}% 30
\BOOKMARK [2][]{subsection.8.7}{\376\377\000F\000a\000l\000s\000i\000f\000i\000c\000a\000t\000i\000o\000n\000\040\000a\000n\000d\000\040\000a\000l\000t\000e\000r\000n\000a\000t\000i\000v\000e\000\040\000e\000x\000p\000l\000a\000n\000a\000t\000i\000o\000n\000s}{section.8}% 31
\BOOKMARK [2][]{subsection.8.8}{\376\377\000E\000t\000h\000i\000c\000s\000\040\000a\000n\000d\000\040\000s\000t\000o\000p\000p\000i\000n\000g\000\040\000r\000u\000l\000e\000s}{section.8}% 32
\BOOKMARK [1][]{section.9}{\376\377\000F\000r\000a\000m\000e\000w\000o\000r\000k\000-\000l\000e\000v\000e\000l\000\040\000t\000e\000s\000t\000s\000\040\000a\000n\000d\000\040\000m\000e\000c\000h\000a\000n\000i\000s\000m\000-\000s\000p\000e\000c\000i\000f\000i\000c\000\040\000h\000y\000p\000o\000t\000h\000e\000s\000e\000s}{}% 33
\BOOKMARK [1][]{section.10}{\376\377\000I\000m\000p\000l\000i\000c\000a\000t\000i\000o\000n\000s\000\040\000f\000o\000r\000\040\000a\000l\000g\000o\000r\000i\000t\000h\000m\000\040\000g\000o\000v\000e\000r\000n\000a\000n\000c\000e}{}% 34
\BOOKMARK [1][]{section.11}{\376\377\000D\000i\000s\000c\000u\000s\000s\000i\000o\000n}{}% 35
\BOOKMARK [1][]{section.12}{\376\377\000L\000i\000m\000i\000t\000a\000t\000i\000o\000n\000s}{}% 36
\BOOKMARK [1][]{section.13}{\376\377\000C\000o\000n\000c\000l\000u\000s\000i\000o\000n}{}% 37
\BOOKMARK [1][]{appendix.1.A}{\376\377\000P\000r\000o\000o\000f\000s\000\040\000o\000f\000\040\000t\000h\000e\000\040\000i\000d\000e\000n\000t\000i\000f\000i\000c\000a\000t\000i\000o\000n\000\040\000r\000e\000s\000u\000l\000t\000s}{}% 38
\BOOKMARK [1][]{appendix.1.B}{\376\377\000D\000e\000r\000i\000v\000a\000t\000i\000o\000n\000\040\000a\000n\000d\000\040\000d\000i\000m\000e\000n\000s\000i\000o\000n\000a\000l\000\040\000i\000n\000t\000e\000r\000p\000r\000e\000t\000a\000t\000i\000o\000n}{}% 39
\BOOKMARK [1][]{appendix.1.C}{\376\377\000A\000d\000a\000p\000t\000i\000v\000e\000-\000n\000e\000t\000w\000o\000r\000k\000\040\000c\000o\000n\000s\000t\000r\000u\000c\000t\000i\000o\000n\000\040\000a\000n\000d\000\040\000u\000p\000d\000a\000t\000e\000\040\000a\000l\000g\000o\000r\000i\000t\000h\000m\000s}{}% 40
\BOOKMARK [1][]{appendix.1.D}{\376\377\000N\000o\000t\000a\000t\000i\000o\000n\000\040\000l\000e\000d\000g\000e\000r}{}% 41
\BOOKMARK [1][]{appendix.1.E}{\376\377\000L\000i\000t\000e\000r\000a\000t\000u\000r\000e\000\040\000a\000u\000d\000i\000t}{}% 42
\BOOKMARK [1][]{appendix.1.F}{\376\377\000R\000e\000p\000r\000o\000d\000u\000c\000i\000b\000i\000l\000i\000t\000y\000\040\000c\000h\000e\000c\000k\000l\000i\000s\000t}{}% 43
\BOOKMARK [1][]{appendix.1.G}{\376\377\000M\000i\000n\000i\000m\000u\000m\000\040\000p\000r\000e\000r\000e\000g\000i\000s\000t\000r\000a\000t\000i\000o\000n\000\040\000f\000i\000e\000l\000d\000s}{}% 44
\BOOKMARK [1][]{appendix.1.H}{\376\377\000P\000o\000w\000e\000r\000-\000s\000c\000r\000e\000e\000n\000\040\000d\000a\000t\000a\000-\000g\000e\000n\000e\000r\000a\000t\000i\000n\000g\000\040\000p\000r\000o\000c\000e\000s\000s}{}% 45
